Archive member included to satisfy reference by file (symbol)

./lib\libc.a(lib_a-memcpy-stub.o)
                              gameplg.o (memcpy)
./lib\libc.a(lib_a-memset.o)  gameplg.o (memset)
./lib\libc.a(lib_a-strcpy.o)  gameplg.o (strcpy)
./lib\libc.a(lib_a-strlen.o)  gameplg.o (strlen)

Allocating common symbols
Common symbol       size              file

g_find              0x28              gameplg.o
g_cheatEnabled      0x40              gameplg.o
gamePluginMenu      0xc7c             gameplg.o
IoBaseLcd           0x4               lib\main.o
g_replace           0x28              gameplg.o
fsUserHandle        0x4               gameplg.o
g_functions         0x100             gameplg.o
threadStack         0x4000            gameplg.o
g_state             0x40              gameplg.o

Memory Configuration

Name             Origin             Length             Attributes
*default*        0x00000000         0xffffffff

Linker script and memory map

                0x00100100                . = 0x100100
                0x00100100                . = ALIGN (0x4)

.text           0x00100100     0x2a14
                0x00100100                __text_start = .
 bootloader.o(.text*)
 .text          0x00100100       0xb0 bootloader.o
                0x00100100                _Reset
                0x0010017c                _ReturnToUser
                0x00100190                plgGetIoBase
                0x00100198                copyRemoteMemory
 *(.text*)
 .text          0x001001b0      0x4f8 gameplg.o
                0x001001b0                cloneFillBoxOne
                0x001001e4                getKey
                0x00100204                waitKeyChange
                0x0010021c                waitKeyUp
                0x00100230                initMenu
                0x00100290                addMenuEntry
                0x001002f0                addCheatMenuEntry
                0x00100340                updateMenu
                0x001003b8                scanMenu
                0x001003fc                detectLanguage
                0x00100404                updateCheatEnableDisplay
                0x00100454                disableCheat
                0x00100470                onCheatItemChanged
                0x001004b0                scanCheatMenu
                0x001004e8                find_and_replace_multiple
                0x00100544                add_to_address
                0x00100554                sub_to_address
                0x00100564                initCheatMenu
                0x001005c8                gamePluginEntry
 .text          0x001006a8      0x144 lib\AC.o
                0x001006a8                ACU_cmd1
                0x001006f8                ACU_cmd26
                0x00100758                ACU_GetWifiStatus
                0x00100790                ACU_WaitInternetConnection
 .text          0x001007ec       0x30 lib\entry.o
                0x001007ec                c_entry
                0x00100818                IRQHandler
 .text          0x0010081c      0x50c lib\FS.o
                0x0010081c                FSUSER_Initialize
                0x00100850                FSUSER_OpenFile
                0x001008f0                FSUSER_OpenFileDirectly
                0x001009b0                FSUSER_OpenArchive
                0x00100a34                FSUSER_OpenDirectory
                0x00100ac0                FSUSER_CloseArchive
                0x00100b10                FSFILE_Close
                0x00100b40                FSFILE_Read
                0x00100ba8                FSFILE_Write
                0x00100c18                FSFILE_GetSize
                0x00100c5c                FSFILE_SetSize
                0x00100c94                FSDIR_Read
                0x00100cf8                FSDIR_Close
 .text          0x00100d28        0x0 lib\main.o
 .text.startup  0x00100d28       0x3c lib\main.o
                0x00100d28                main
 *fill*         0x00100d64        0xc 
 .text          0x00100d70       0x10 lib\misc.o
                0x00100d70                sleep
 .text          0x00100d80       0x3c lib\OS.o
                0x00100d80                OS_ConvertVaddr2Physaddr
 .text          0x00100dbc       0xd4 lib\pm.o
                0x00100dbc                dumpKernel
                0x00100dc0                getCurrentProcessId
                0x00100de4                getCurrentProcessHandle
                0x00100e4c                protectRemoteMemory
                0x00100e70                protectMemory
 .text          0x00100e90      0x54c lib\rt.o
                0x00100e90                rtInitLock
                0x00100e9c                rtAcquireLock
                0x00100ed0                rtReleaseLock
                0x00100edc                rtAlignToPageSize
                0x00100eec                rtGetPageOfAddress
                0x00100ef8                rtCheckRemoteMemoryRegionSafeForWrite
                0x00100f48                rtSafeCopyMemory
                0x00100fa0                rtRecvSocket
                0x00101000                rtSendSocket
                0x0010105c                rtIntToPortNumber
                0x00101078                rtGetFileSize
                0x00101164                rtLoadFileToBuffer
                0x001012ac                rtGenerateJumpCode
                0x001012c4                rtFlushInstructionCache
                0x001012dc                rtInitHook
                0x00101354                rtEnableHook
                0x00101398                rtDisableHook
 .text          0x001013dc      0x10c lib\sharedfunc.o
                0x001013dc                initSharedFunc
 .text          0x001014e8      0xef8 lib\SOC.o
                0x00101524                socu_cmd1
                0x00101574                SOC_Shutdown
                0x001015b0                SOC_Initialize
                0x00101618                SOC_GetErrno
                0x00101628                socket
                0x00101690                closesocket
                0x001016f0                shutdown
                0x00101754                listen
                0x001017b8                accept
                0x001018b4                bind
                0x00101984                connect
                0x00101a54                socuipc_cmd7
                0x00101b70                socuipc_cmd8
                0x00101cb0                socuipc_cmd9
                0x00101dc0                socuipc_cmda
                0x00101ed4                recvfrom
                0x00101f00                sendto
                0x00101f2c                recv
                0x00101f48                send
                0x00101f64                getsockopt
                0x00102014                setsockopt
                0x0010209c                fcntl
                0x00102164                sockatmark
                0x001021c4                gethostid
                0x00102200                getsockname
                0x001022f0                getpeername
 .text          0x001023e0      0x118 lib\srv.o
                0x001023e0                exitSrv
                0x001023f8                srv_RegisterClient
                0x00102438                initSrv
                0x0010246c                srv_getServiceHandle
 .text          0x001024f8       0x40 lib\stub.o
                0x001024f8                showDbg
                0x00102500                nsDbgPrint
                0x00102508                plgRegisterMenuEntry
                0x00102510                plgGetSharedServiceHandle
                0x00102518                plgRequestMemory
                0x00102520                plgRegisterCallback
                0x00102528                xsprintf
                0x00102530                controlVideo
 *fill*         0x00102538        0x8 
 .text          0x00102540      0x2a0 lib\svc.o
                0x00102540                getThreadCommandBuffer
                0x0010254c                svc_controlMemory
                0x0010256c                svc_exitProcess
                0x00102574                svc_createThread
                0x00102594                svc_exitThread
                0x0010259c                svc_sleepThread
                0x001025a4                svc_createMutex
                0x001025b8                svc_releaseMutex
                0x001025c0                svc_releaseSemaphore
                0x001025d4                svc_createEvent
                0x001025e8                svc_signalEvent
                0x001025f0                svc_clearEvent
                0x001025f8                svc_createMemoryBlock
                0x00102610                svc_mapMemoryBlock
                0x00102618                svc_unmapMemoryBlock
                0x00102620                svc_arbitrateAddress
                0x00102628                svc_closeHandle
                0x00102630                svc_waitSynchronization1
                0x00102638                svc_waitSynchronizationN
                0x00102658                svc_getSystemTick
                0x00102660                svc_getSystemInfo
                0x0010267c                svc_getProcessInfo
                0x00102698                svc_connectToPort
                0x001026ac                svc_sendSyncRequest
                0x001026b4                svc_getProcessId
                0x001026c8                svc_getThreadId
                0x001026dc                svc_setThreadIdealProcessor
                0x001026e4                svc_openThread
                0x001026f8                svc_flushProcessDataCache
                0x00102700                svc_invalidateProcessDataCache
                0x00102708                svc_queryMemory
                0x00102710                svc_addCodeSegment
                0x00102718                svc_openProcess
                0x0010272c                svc_controlProcessMemory
                0x00102744                svc_mapProcessMemory
                0x0010274c                svc_startInterProcessDma
                0x0010276c                svc_getDmaState
                0x00102780                svc_backDoor
                0x00102788                svc_getProcessList
                0x0010279c                svc_getThreadList
                0x001027b0                svc_getThreadContext
                0x001027b8                svc_debugActiveProcess
                0x001027cc                svc_readProcessMemory
                0x001027d4                svc_writeProcessMemory
 .text          0x001027e0       0xf0 ./lib\libc.a(lib_a-memcpy-stub.o)
                0x001027e0                memcpy
 .text          0x001028d0       0xf4 ./lib\libc.a(lib_a-memset.o)
                0x001028d0                memset
 .text          0x001029c4       0xf0 ./lib\libc.a(lib_a-strcpy.o)
                0x001029c4                strcpy
 .text          0x00102ab4       0x60 ./lib\libc.a(lib_a-strlen.o)
                0x00102ab4                strlen

.glue_7         0x00102b14        0x0
 .glue_7        0x00102b14        0x0 linker stubs

.glue_7t        0x00102b14        0x0
 .glue_7t       0x00102b14        0x0 linker stubs

.vfp11_veneer   0x00102b14        0x0
 .vfp11_veneer  0x00102b14        0x0 linker stubs

.v4_bx          0x00102b14        0x0
 .v4_bx         0x00102b14        0x0 linker stubs

.plt            0x00102b14        0x0
 .plt           0x00102b14        0x0 bootloader.o

.iplt           0x00102b14        0x0
 .iplt          0x00102b14        0x0 bootloader.o
                0x00102b14                . = ALIGN (0x4)

.data           0x00102b14       0x1c
 *(.data)
 .data          0x00102b14        0x0 bootloader.o
 .data          0x00102b14        0x4 gameplg.o
                0x00102b14                IoBasePad
 .data          0x00102b18        0x0 lib\AC.o
 .data          0x00102b18        0x0 lib\entry.o
 .data          0x00102b18        0x0 lib\FS.o
 .data          0x00102b18       0x18 lib\main.o
                0x00102b18                sdmcArchive
 .data          0x00102b30        0x0 lib\misc.o
 .data          0x00102b30        0x0 lib\OS.o
 .data          0x00102b30        0x0 lib\pm.o
 .data          0x00102b30        0x0 lib\rt.o
 .data          0x00102b30        0x0 lib\sharedfunc.o
 .data          0x00102b30        0x0 lib\SOC.o
 .data          0x00102b30        0x0 lib\srv.o
 .data          0x00102b30        0x0 lib\stub.o
 .data          0x00102b30        0x0 lib\svc.o
 .data          0x00102b30        0x0 ./lib\libc.a(lib_a-memcpy-stub.o)
 .data          0x00102b30        0x0 ./lib\libc.a(lib_a-memset.o)
 .data          0x00102b30        0x0 ./lib\libc.a(lib_a-strcpy.o)
 .data          0x00102b30        0x0 ./lib\libc.a(lib_a-strlen.o)

.dynamic        0x00102b30       0x80
 .dynamic       0x00102b30       0x80 bootloader.o
                0x00102b30                _DYNAMIC

.got            0x00102bb0        0x0
 .got           0x00102bb0        0x0 bootloader.o

.got.plt        0x00102bb0        0xc
 .got.plt       0x00102bb0        0xc bootloader.o
                0x00102bb0                _GLOBAL_OFFSET_TABLE_

.igot.plt       0x00102bbc        0x0
 .igot.plt      0x00102bbc        0x0 bootloader.o
                0x00102bbc                . = ALIGN (0x4)
                0x00102bbc                . = ALIGN (0x4)

.rel.dyn        0x00102bbc      0x2e8
 *(.__rel_dyn_start)
 .__rel_dyn_start
                0x00102bbc        0x0 bootloader.o
 *(.rel*)
 .rel.got       0x00102bbc        0x0 bootloader.o
 .rel.plt       0x00102bbc        0x0 bootloader.o
 .rel.iplt      0x00102bbc        0x0 bootloader.o
 .rel.text      0x00102bbc      0x2d0 bootloader.o
 .rel.data      0x00102e8c        0x8 bootloader.o
 .rel.text.startup
                0x00102e94       0x10 bootloader.o
 *(.rel.*)
 *(.__rel_dyn_end)
 .__rel_dyn_end
                0x00102ea4        0x0 bootloader.o
                0x00102ea4                __code_end = .

.interp         0x00102ea4       0x11
 .interp        0x00102ea4       0x11 bootloader.o

.gnu.version_d  0x00102eb8        0x0
 .gnu.version_d
                0x00102eb8        0x0 bootloader.o

.gnu.version    0x00102eb6        0x0
 .gnu.version   0x00102eb6        0x0 bootloader.o

.gnu.version_r  0x00102eb8        0x0
 .gnu.version_r
                0x00102eb8        0x0 bootloader.o

.dynsym         0x00102eb8       0x60
 .dynsym        0x00102eb8       0x60 bootloader.o

.dynstr         0x00102f18       0x21
 .dynstr        0x00102f18       0x21 bootloader.o

.hash           0x00102f3c       0x2c
 .hash          0x00102f3c       0x2c bootloader.o

.rodata.str1.1  0x00102f68      0x127
 .rodata.str1.1
                0x00102f68       0x85 gameplg.o
                                 0x87 (size before relaxing)
 .rodata.str1.1
                0x00102fed        0x5 lib\AC.o
 .rodata.str1.1
                0x00102ff2        0x5 lib\main.o
                                  0x1 (size before relaxing)
 .rodata.str1.1
                0x00102ff2       0x1e lib\pm.o
 .rodata.str1.1
                0x00103010       0x74 lib\rt.o
 .rodata.str1.1
                0x00103084        0x6 lib\SOC.o
 .rodata.str1.1
                0x0010308a        0x5 lib\srv.o

.rodata         0x0010308f       0x4d
 .rodata        0x0010308f       0x4d lib\SOC.o
                0x001030dc                . = ALIGN (0x4)

.bss            0x001030dc     0x4e70
 *(.__bss_start)
 .__bss_start   0x001030dc        0x0 bootloader.o
                0x001030dc                __c_bss_start
 *(.bss COMMON)
 .bss           0x001030dc        0x0 bootloader.o
 .bss           0x001030dc        0x8 gameplg.o
                0x001030dc                g_i
                0x001030e0                isNewNtr
 COMMON         0x001030e4     0x4e50 gameplg.o
                0x001030e4                g_find
                0x0010310c                g_cheatEnabled
                0x0010314c                gamePluginMenu
                0x00103dc8                g_replace
                0x00103df0                fsUserHandle
                0x00103df4                g_functions
                0x00103ef4                threadStack
                0x00107ef4                g_state
 .bss           0x00107f34        0x0 lib\AC.o
 .bss           0x00107f34        0x0 lib\entry.o
 .bss           0x00107f34        0x0 lib\FS.o
 .bss           0x00107f34        0x0 lib\main.o
 COMMON         0x00107f34        0x4 lib\main.o
                0x00107f34                IoBaseLcd
 .bss           0x00107f38        0x0 lib\misc.o
 .bss           0x00107f38        0x0 lib\OS.o
 .bss           0x00107f38        0x8 lib\pm.o
                0x00107f38                currentPid
                0x00107f3c                hCurrentProcess
 .bss           0x00107f40        0x0 lib\rt.o
 .bss           0x00107f40        0x0 lib\sharedfunc.o
 .bss           0x00107f40        0x8 lib\SOC.o
                0x00107f40                SOCU_handle
 .bss           0x00107f48        0x4 lib\srv.o
                0x00107f48                srvHandle
 .bss           0x00107f4c        0x0 lib\stub.o
 .bss           0x00107f4c        0x0 lib\svc.o
 .bss           0x00107f4c        0x0 ./lib\libc.a(lib_a-memcpy-stub.o)
 .bss           0x00107f4c        0x0 ./lib\libc.a(lib_a-memset.o)
 .bss           0x00107f4c        0x0 ./lib\libc.a(lib_a-strcpy.o)
 .bss           0x00107f4c        0x0 ./lib\libc.a(lib_a-strlen.o)
 *(.__bss_end)
 .__bss_end     0x00107f4c        0x0 bootloader.o
                0x00107f4c                __c_bss_end
                0x00107f4c                __end__ = .
LOAD bootloader.o
LOAD gameplg.o
LOAD lib\AC.o
LOAD lib\entry.o
LOAD lib\FS.o
LOAD lib\main.o
LOAD lib\misc.o
LOAD lib\OS.o
LOAD lib\pm.o
LOAD lib\rt.o
LOAD lib\sharedfunc.o
LOAD lib\SOC.o
LOAD lib\srv.o
LOAD lib\stub.o
LOAD lib\svc.o
LOAD ./lib\libc.a
LOAD ./lib\libgcc.a
OUTPUT(a.out elf32-littlearm)

.dynbss         0x00107f4c        0x0
 .dynbss        0x00107f4c        0x0 bootloader.o

.ARM.attributes
                0x00000000       0x27
 .ARM.attributes
                0x00000000       0x19 bootloader.o
 .ARM.attributes
                0x00000019       0x2b gameplg.o
 .ARM.attributes
                0x00000044       0x2b lib\AC.o
 .ARM.attributes
                0x0000006f       0x2b lib\entry.o
 .ARM.attributes
                0x0000009a       0x2b lib\FS.o
 .ARM.attributes
                0x000000c5       0x2b lib\main.o
 .ARM.attributes
                0x000000f0       0x19 lib\misc.o
 .ARM.attributes
                0x00000109       0x2b lib\OS.o
 .ARM.attributes
                0x00000134       0x2b lib\pm.o
 .ARM.attributes
                0x0000015f       0x2b lib\rt.o
 .ARM.attributes
                0x0000018a       0x2b lib\sharedfunc.o
 .ARM.attributes
                0x000001b5       0x2b lib\SOC.o
 .ARM.attributes
                0x000001e0       0x2b lib\srv.o
 .ARM.attributes
                0x0000020b       0x19 lib\stub.o
 .ARM.attributes
                0x00000224       0x19 lib\svc.o
 .ARM.attributes
                0x0000023d       0x30 ./lib\libc.a(lib_a-memcpy-stub.o)
 .ARM.attributes
                0x0000026d       0x30 ./lib\libc.a(lib_a-memset.o)
 .ARM.attributes
                0x0000029d       0x30 ./lib\libc.a(lib_a-strcpy.o)
 .ARM.attributes
                0x000002cd       0x30 ./lib\libc.a(lib_a-strlen.o)

.comment        0x00000000       0x44
 .comment       0x00000000       0x22 gameplg.o
                                 0x23 (size before relaxing)
 .comment       0x00000022       0x22 lib\AC.o
                                 0x23 (size before relaxing)
 .comment       0x00000044       0x23 lib\entry.o
 .comment       0x00000044       0x23 lib\FS.o
 .comment       0x00000044       0x23 lib\main.o
 .comment       0x00000044       0x23 lib\OS.o
 .comment       0x00000044       0x23 lib\pm.o
 .comment       0x00000044       0x23 lib\rt.o
 .comment       0x00000044       0x23 lib\sharedfunc.o
 .comment       0x00000044       0x23 lib\SOC.o
 .comment       0x00000044       0x23 lib\srv.o
 .comment       0x00000044       0x23 ./lib\libc.a(lib_a-memcpy-stub.o)
 .comment       0x00000044       0x23 ./lib\libc.a(lib_a-memset.o)
 .comment       0x00000044       0x23 ./lib\libc.a(lib_a-strcpy.o)
 .comment       0x00000044       0x23 ./lib\libc.a(lib_a-strlen.o)

.debug_info     0x00000000     0x45fe
 .debug_info    0x00000000      0xbf6 gameplg.o
 .debug_info    0x00000bf6      0x368 lib\AC.o
 .debug_info    0x00000f5e      0x11f lib\entry.o
 .debug_info    0x0000107d      0x8a9 lib\FS.o
 .debug_info    0x00001926      0x272 lib\main.o
 .debug_info    0x00001b98       0xc0 lib\OS.o
 .debug_info    0x00001c58      0x335 lib\pm.o
 .debug_info    0x00001f8d      0xc82 lib\rt.o
 .debug_info    0x00002c0f      0x335 lib\sharedfunc.o
 .debug_info    0x00002f44     0x13dc lib\SOC.o
 .debug_info    0x00004320      0x2de lib\srv.o

.debug_abbrev   0x00000000     0x113a
 .debug_abbrev  0x00000000      0x2f8 gameplg.o
 .debug_abbrev  0x000002f8      0x13f lib\AC.o
 .debug_abbrev  0x00000437       0xcc lib\entry.o
 .debug_abbrev  0x00000503      0x144 lib\FS.o
 .debug_abbrev  0x00000647      0x10f lib\main.o
 .debug_abbrev  0x00000756       0x6d lib\OS.o
 .debug_abbrev  0x000007c3      0x15f lib\pm.o
 .debug_abbrev  0x00000922      0x2aa lib\rt.o
 .debug_abbrev  0x00000bcc       0xfb lib\sharedfunc.o
 .debug_abbrev  0x00000cc7      0x304 lib\SOC.o
 .debug_abbrev  0x00000fcb      0x16f lib\srv.o

.debug_loc      0x00000000     0x2c83
 .debug_loc     0x00000000      0x449 gameplg.o
 .debug_loc     0x00000449      0x1cc lib\AC.o
 .debug_loc     0x00000615       0x34 lib\entry.o
 .debug_loc     0x00000649      0x7db lib\FS.o
 .debug_loc     0x00000e24       0x5c lib\OS.o
 .debug_loc     0x00000e80       0xfa lib\pm.o
 .debug_loc     0x00000f7a      0x6b8 lib\rt.o
 .debug_loc     0x00001632     0x152b lib\SOC.o
 .debug_loc     0x00002b5d      0x126 lib\srv.o

.debug_aranges  0x00000000      0x160
 .debug_aranges
                0x00000000       0x20 gameplg.o
 .debug_aranges
                0x00000020       0x20 lib\AC.o
 .debug_aranges
                0x00000040       0x20 lib\entry.o
 .debug_aranges
                0x00000060       0x20 lib\FS.o
 .debug_aranges
                0x00000080       0x20 lib\main.o
 .debug_aranges
                0x000000a0       0x20 lib\OS.o
 .debug_aranges
                0x000000c0       0x20 lib\pm.o
 .debug_aranges
                0x000000e0       0x20 lib\rt.o
 .debug_aranges
                0x00000100       0x20 lib\sharedfunc.o
 .debug_aranges
                0x00000120       0x20 lib\SOC.o
 .debug_aranges
                0x00000140       0x20 lib\srv.o

.debug_ranges   0x00000000       0x80
 .debug_ranges  0x00000000       0x20 gameplg.o
 .debug_ranges  0x00000020       0x10 lib\main.o
 .debug_ranges  0x00000030       0x50 lib\rt.o

.debug_line     0x00000000     0x12ea
 .debug_line    0x00000000      0x203 gameplg.o
 .debug_line    0x00000203      0x12e lib\AC.o
 .debug_line    0x00000331       0xe1 lib\entry.o
 .debug_line    0x00000412      0x1d0 lib\FS.o
 .debug_line    0x000005e2      0x116 lib\main.o
 .debug_line    0x000006f8       0xed lib\OS.o
 .debug_line    0x000007e5      0x120 lib\pm.o
 .debug_line    0x00000905      0x27f lib\rt.o
 .debug_line    0x00000b84      0x102 lib\sharedfunc.o
 .debug_line    0x00000c86      0x4ed lib\SOC.o
 .debug_line    0x00001173      0x177 lib\srv.o

.debug_str      0x00000000      0xe6b
 .debug_str     0x00000000      0x595 gameplg.o
                                0x660 (size before relaxing)
 .debug_str     0x00000595      0x108 lib\AC.o
                                0x1e9 (size before relaxing)
 .debug_str     0x0000069d       0x3c lib\entry.o
                                0x14a (size before relaxing)
 .debug_str     0x000006d9      0x163 lib\FS.o
                                0x367 (size before relaxing)
 .debug_str     0x0000083c       0x94 lib\main.o
                                0x25f (size before relaxing)
 .debug_str     0x000008d0       0x33 lib\OS.o
                                0x123 (size before relaxing)
 .debug_str     0x00000903       0xb0 lib\pm.o
                                0x229 (size before relaxing)
 .debug_str     0x000009b3      0x1f8 lib\rt.o
                                0x4f0 (size before relaxing)
 .debug_str     0x00000bab       0x1e lib\sharedfunc.o
                                0x22f (size before relaxing)
 .debug_str     0x00000bc9      0x24f lib\SOC.o
                                0x420 (size before relaxing)
 .debug_str     0x00000e18       0x53 lib\srv.o
                                0x1e1 (size before relaxing)

.debug_frame    0x00000000      0xacc
 .debug_frame   0x00000000      0x1d0 gameplg.o
 .debug_frame   0x000001d0       0x8c lib\AC.o
 .debug_frame   0x0000025c       0x30 lib\entry.o
 .debug_frame   0x0000028c      0x1ac lib\FS.o
 .debug_frame   0x00000438       0x28 lib\main.o
 .debug_frame   0x00000460       0x20 lib\OS.o
 .debug_frame   0x00000480       0x90 lib\pm.o
 .debug_frame   0x00000510      0x1a8 lib\rt.o
 .debug_frame   0x000006b8       0x2c lib\sharedfunc.o
 .debug_frame   0x000006e4      0x370 lib\SOC.o
 .debug_frame   0x00000a54       0x78 lib\srv.o
