Archive member included to satisfy reference by file (symbol)

./lib\libc.a(lib_a-memcpy-stub.o)
                              gameplg.o (memcpy)
./lib\libc.a(lib_a-memset.o)  gameplg.o (memset)
./lib\libc.a(lib_a-rand.o)    pokeEncounterModifier.o (rand)
./lib\libc.a(lib_a-strcpy.o)  gameplg.o (strcpy)
./lib\libc.a(lib_a-strlen.o)  gameplg.o (strlen)
./lib\libc.a(lib_a-impure.o)  ./lib\libc.a(lib_a-rand.o) (_impure_ptr)
./lib\libgcc.a(_udivsi3.o)    gameplg.o (__aeabi_uidivmod)
./lib\libgcc.a(_divsi3.o)     pokeEncounterModifier.o (__aeabi_idivmod)
./lib\libgcc.a(_dvmd_tls.o)   ./lib\libgcc.a(_udivsi3.o) (__aeabi_idiv0)

Allocating common symbols
Common symbol       size              file

g_find              0x28              gameplg.o
g_cheatEnabled      0x40              gameplg.o
gamePluginMenu      0xc7c             gameplg.o
IoBaseLcd           0x4               lib\main.o
g_replace           0x28              gameplg.o
fsUserHandle        0x4               gameplg.o
g_functions         0x100             gameplg.o
threadStack         0x4000            gameplg.o
g_state             0x40              gameplg.o

Memory Configuration

Name             Origin             Length             Attributes
*default*        0x00000000         0xffffffff

Linker script and memory map

                0x00100100                . = 0x100100
                0x00100100                . = ALIGN (0x4)

.text           0x00100100     0x43f4
                0x00100100                __text_start = .
 bootloader.o(.text*)
 .text          0x00100100       0xb0 bootloader.o
                0x00100100                _Reset
                0x0010017c                _ReturnToUser
                0x00100190                plgGetIoBase
                0x00100198                copyRemoteMemory
 *(.text*)
 .text          0x001001b0      0xc38 gameplg.o
                0x001001b0                initMenu
                0x00100210                addMenuEntry
                0x00100270                addCheatMenuEntry
                0x001002c0                updateMenu
                0x00100338                scanMenu
                0x0010037c                detectLanguage
                0x00100384                updateCheatEnableDisplay
                0x001003d4                disableCheat
                0x001003f0                onCheatItemChanged
                0x00100430                scanCheatMenu
                0x00100468                find_and_replace_multiple
                0x001004c4                seedStep
                0x001004dc                checksum
                0x00100508                shuffleArray
                0x001005dc                decryptPokemon
                0x0010067c                encryptPokemon
                0x00100718                decryptBattleStats
                0x00100788                updateChecksum
                0x001007a0                getCurrentPokemon
                0x001007b4                setCurrentPokemon
                0x001007d8                EncConstToNickB1S1
                0x00100874                SIDtoNick
                0x00100904                setCurrentPokemonWild
                0x00100934                makeShiny
                0x00100970                makeShinyPC
                0x0010099c                setIV
                0x001009bc                isShiny
                0x001009f8                shinyB1S1
                0x00100a60                shinifyCheat
                0x00100aa0                getPSV
                0x00100ab4                PSVtoNick
                0x00100b5c                getTSV
                0x00100b70                add_to_address
                0x00100b80                sub_to_address
                0x00100b90                cloneSlotOneToSlots
                0x00100bcc                cloneFillBoxOne
                0x00100bd4                cloneThruSlotTwelve
                0x00100bdc                cloneSinglePkm
                0x00100be4                initCheatMenu
                0x00100d08                gamePluginEntry
 .text          0x00100de8       0xe8 helpers.o
                0x00100de8                getKey
                0x00100e08                waitKeyUp
                0x00100e38                waitKeyCombinationChanged
                0x00100e68                getEdition
 .text          0x00100ed0      0x6ac itemModifier.o
                0x00100ed0                initItemModifier
                0x00100f64                getBagStartAddress
                0x00100fcc                getItemPossitionAddress
                0x00100ff8                getItemIdAt
                0x00101010                setItemIdAt
                0x0010102c                setItemIdFromTo
                0x0010108c                incrementItemIdAt
                0x001010d4                reduceItemIdAt
                0x0010110c                getItemCountAddress
                0x00101120                setItemCountAt
                0x0010113c                addToItemCountAt
                0x00101180                removeFromItemCountAt
                0x001011b8                deleteItem
                0x001011d0                getAllItems
 .text          0x0010157c       0xa0 otherModifiers.o
                0x0010157c                initOtherModifiers
                0x001015d8                setMoney
                0x001015ec                setRemainingRepel
                0x00101600                setRemainingOPower
 .text          0x0010161c      0x7a4 pokeEncounterModifier.o
                0x0010161c                initWildPokeModifier
                0x00101680                RandMinMax
                0x001016a4                isObtained
                0x0010173c                getRandomVariation
                0x00101c14                GetRandomPokemon
                0x00101c48                setWildPokemonfromAddress
 .text          0x00101dc0      0x144 lib\AC.o
                0x00101dc0                ACU_cmd1
                0x00101e10                ACU_cmd26
                0x00101e70                ACU_GetWifiStatus
                0x00101ea8                ACU_WaitInternetConnection
 .text          0x00101f04       0x30 lib\entry.o
                0x00101f04                c_entry
                0x00101f30                IRQHandler
 .text          0x00101f34      0x50c lib\FS.o
                0x00101f34                FSUSER_Initialize
                0x00101f68                FSUSER_OpenFile
                0x00102008                FSUSER_OpenFileDirectly
                0x001020c8                FSUSER_OpenArchive
                0x0010214c                FSUSER_OpenDirectory
                0x001021d8                FSUSER_CloseArchive
                0x00102228                FSFILE_Close
                0x00102258                FSFILE_Read
                0x001022c0                FSFILE_Write
                0x00102330                FSFILE_GetSize
                0x00102374                FSFILE_SetSize
                0x001023ac                FSDIR_Read
                0x00102410                FSDIR_Close
 .text          0x00102440        0x0 lib\main.o
 .text.startup  0x00102440       0x3c lib\main.o
                0x00102440                main
 *fill*         0x0010247c        0x4 
 .text          0x00102480       0x10 lib\misc.o
                0x00102480                sleep
 .text          0x00102490       0x3c lib\OS.o
                0x00102490                OS_ConvertVaddr2Physaddr
 .text          0x001024cc       0xd4 lib\pm.o
                0x001024cc                dumpKernel
                0x001024d0                getCurrentProcessId
                0x001024f4                getCurrentProcessHandle
                0x0010255c                protectRemoteMemory
                0x00102580                protectMemory
 .text          0x001025a0      0x54c lib\rt.o
                0x001025a0                rtInitLock
                0x001025ac                rtAcquireLock
                0x001025e0                rtReleaseLock
                0x001025ec                rtAlignToPageSize
                0x001025fc                rtGetPageOfAddress
                0x00102608                rtCheckRemoteMemoryRegionSafeForWrite
                0x00102658                rtSafeCopyMemory
                0x001026b0                rtRecvSocket
                0x00102710                rtSendSocket
                0x0010276c                rtIntToPortNumber
                0x00102788                rtGetFileSize
                0x00102874                rtLoadFileToBuffer
                0x001029bc                rtGenerateJumpCode
                0x001029d4                rtFlushInstructionCache
                0x001029ec                rtInitHook
                0x00102a64                rtEnableHook
                0x00102aa8                rtDisableHook
 .text          0x00102aec      0x10c lib\sharedfunc.o
                0x00102aec                initSharedFunc
 .text          0x00102bf8      0xef8 lib\SOC.o
                0x00102c34                socu_cmd1
                0x00102c84                SOC_Shutdown
                0x00102cc0                SOC_Initialize
                0x00102d28                SOC_GetErrno
                0x00102d38                socket
                0x00102da0                closesocket
                0x00102e00                shutdown
                0x00102e64                listen
                0x00102ec8                accept
                0x00102fc4                bind
                0x00103094                connect
                0x00103164                socuipc_cmd7
                0x00103280                socuipc_cmd8
                0x001033c0                socuipc_cmd9
                0x001034d0                socuipc_cmda
                0x001035e4                recvfrom
                0x00103610                sendto
                0x0010363c                recv
                0x00103658                send
                0x00103674                getsockopt
                0x00103724                setsockopt
                0x001037ac                fcntl
                0x00103874                sockatmark
                0x001038d4                gethostid
                0x00103910                getsockname
                0x00103a00                getpeername
 .text          0x00103af0      0x118 lib\srv.o
                0x00103af0                exitSrv
                0x00103b08                srv_RegisterClient
                0x00103b48                initSrv
                0x00103b7c                srv_getServiceHandle
 .text          0x00103c08       0x40 lib\stub.o
                0x00103c08                showDbg
                0x00103c10                nsDbgPrint
                0x00103c18                plgRegisterMenuEntry
                0x00103c20                plgGetSharedServiceHandle
                0x00103c28                plgRequestMemory
                0x00103c30                plgRegisterCallback
                0x00103c38                xsprintf
                0x00103c40                controlVideo
 *fill*         0x00103c48        0x8 
 .text          0x00103c50      0x2a0 lib\svc.o
                0x00103c50                getThreadCommandBuffer
                0x00103c5c                svc_controlMemory
                0x00103c7c                svc_exitProcess
                0x00103c84                svc_createThread
                0x00103ca4                svc_exitThread
                0x00103cac                svc_sleepThread
                0x00103cb4                svc_createMutex
                0x00103cc8                svc_releaseMutex
                0x00103cd0                svc_releaseSemaphore
                0x00103ce4                svc_createEvent
                0x00103cf8                svc_signalEvent
                0x00103d00                svc_clearEvent
                0x00103d08                svc_createMemoryBlock
                0x00103d20                svc_mapMemoryBlock
                0x00103d28                svc_unmapMemoryBlock
                0x00103d30                svc_arbitrateAddress
                0x00103d38                svc_closeHandle
                0x00103d40                svc_waitSynchronization1
                0x00103d48                svc_waitSynchronizationN
                0x00103d68                svc_getSystemTick
                0x00103d70                svc_getSystemInfo
                0x00103d8c                svc_getProcessInfo
                0x00103da8                svc_connectToPort
                0x00103dbc                svc_sendSyncRequest
                0x00103dc4                svc_getProcessId
                0x00103dd8                svc_getThreadId
                0x00103dec                svc_setThreadIdealProcessor
                0x00103df4                svc_openThread
                0x00103e08                svc_flushProcessDataCache
                0x00103e10                svc_invalidateProcessDataCache
                0x00103e18                svc_queryMemory
                0x00103e20                svc_addCodeSegment
                0x00103e28                svc_openProcess
                0x00103e3c                svc_controlProcessMemory
                0x00103e54                svc_mapProcessMemory
                0x00103e5c                svc_startInterProcessDma
                0x00103e7c                svc_getDmaState
                0x00103e90                svc_backDoor
                0x00103e98                svc_getProcessList
                0x00103eac                svc_getThreadList
                0x00103ec0                svc_getThreadContext
                0x00103ec8                svc_debugActiveProcess
                0x00103edc                svc_readProcessMemory
                0x00103ee4                svc_writeProcessMemory
 .text          0x00103ef0       0xf0 ./lib\libc.a(lib_a-memcpy-stub.o)
                0x00103ef0                memcpy
 .text          0x00103fe0       0xf4 ./lib\libc.a(lib_a-memset.o)
                0x00103fe0                memset
 .text          0x001040d4       0x70 ./lib\libc.a(lib_a-rand.o)
                0x001040d4                srand
                0x001040f0                rand
 .text          0x00104144       0xf0 ./lib\libc.a(lib_a-strcpy.o)
                0x00104144                strcpy
 .text          0x00104234       0x60 ./lib\libc.a(lib_a-strlen.o)
                0x00104234                strlen
 .text          0x00104294        0x0 ./lib\libc.a(lib_a-impure.o)
 .text          0x00104294      0x114 ./lib\libgcc.a(_udivsi3.o)
                0x00104294                __aeabi_uidiv
                0x00104294                __udivsi3
                0x00104388                __aeabi_uidivmod
 .text          0x001043a8      0x148 ./lib\libgcc.a(_divsi3.o)
                0x001043a8                __divsi3
                0x001043a8                __aeabi_idiv
                0x001044d0                __aeabi_idivmod
 .text          0x001044f0        0x4 ./lib\libgcc.a(_dvmd_tls.o)
                0x001044f0                __aeabi_idiv0
                0x001044f0                __aeabi_ldiv0

.glue_7         0x001044f4        0x0
 .glue_7        0x001044f4        0x0 linker stubs

.glue_7t        0x001044f4        0x0
 .glue_7t       0x001044f4        0x0 linker stubs

.vfp11_veneer   0x001044f4        0x0
 .vfp11_veneer  0x001044f4        0x0 linker stubs

.v4_bx          0x001044f4        0x0
 .v4_bx         0x001044f4        0x0 linker stubs

.plt            0x001044f4        0x0
 .plt           0x001044f4        0x0 bootloader.o

.iplt           0x001044f4        0x0
 .iplt          0x001044f4        0x0 bootloader.o
                0x001044f4                . = ALIGN (0x4)

.data           0x001044f8      0x4c0
 *(.data)
 .data          0x001044f8        0x0 bootloader.o
 .data          0x001044f8       0x70 gameplg.o
                0x001044f8                aloc
                0x00104510                bloc
                0x00104528                cloc
                0x00104540                dloc
                0x00104558                PK6_LOCATION_1
                0x0010455c                PK6_LOCATION_2
                0x00104560                TID
                0x00104564                SID
 .data          0x00104568        0x4 helpers.o
                0x00104568                IoBasePad
 .data          0x0010456c        0x0 itemModifier.o
 .data          0x0010456c        0x0 otherModifiers.o
 .data          0x0010456c        0x0 pokeEncounterModifier.o
 .data          0x0010456c        0x0 lib\AC.o
 .data          0x0010456c        0x0 lib\entry.o
 .data          0x0010456c        0x0 lib\FS.o
 .data          0x0010456c       0x18 lib\main.o
                0x0010456c                sdmcArchive
 .data          0x00104584        0x0 lib\misc.o
 .data          0x00104584        0x0 lib\OS.o
 .data          0x00104584        0x0 lib\pm.o
 .data          0x00104584        0x0 lib\rt.o
 .data          0x00104584        0x0 lib\sharedfunc.o
 .data          0x00104584        0x0 lib\SOC.o
 .data          0x00104584        0x0 lib\srv.o
 .data          0x00104584        0x0 lib\stub.o
 .data          0x00104584        0x0 lib\svc.o
 .data          0x00104584        0x0 ./lib\libc.a(lib_a-memcpy-stub.o)
 .data          0x00104584        0x0 ./lib\libc.a(lib_a-memset.o)
 .data          0x00104584        0x0 ./lib\libc.a(lib_a-rand.o)
 .data          0x00104584        0x0 ./lib\libc.a(lib_a-strcpy.o)
 .data          0x00104584        0x0 ./lib\libc.a(lib_a-strlen.o)
 *fill*         0x00104584        0x4 
 .data          0x00104588      0x430 ./lib\libc.a(lib_a-impure.o)
                0x00104588                _impure_ptr
 .data          0x001049b8        0x0 ./lib\libgcc.a(_udivsi3.o)
 .data          0x001049b8        0x0 ./lib\libgcc.a(_divsi3.o)
 .data          0x001049b8        0x0 ./lib\libgcc.a(_dvmd_tls.o)

.dynamic        0x001049b8       0x80
 .dynamic       0x001049b8       0x80 bootloader.o
                0x001049b8                _DYNAMIC

.got            0x00104a38        0x0
 .got           0x00104a38        0x0 bootloader.o

.got.plt        0x00104a38        0xc
 .got.plt       0x00104a38        0xc bootloader.o
                0x00104a38                _GLOBAL_OFFSET_TABLE_

.igot.plt       0x00104a44        0x0
 .igot.plt      0x00104a44        0x0 bootloader.o
                0x00104a44                . = ALIGN (0x4)
                0x00104a44                . = ALIGN (0x4)

.rel.dyn        0x00104a44      0x4a0
 *(.__rel_dyn_start)
 .__rel_dyn_start
                0x00104a44        0x0 bootloader.o
 *(.rel*)
 .rel.got       0x00104a44        0x0 bootloader.o
 .rel.plt       0x00104a44        0x0 bootloader.o
 .rel.iplt      0x00104a44        0x0 bootloader.o
 .rel.text      0x00104a44      0x458 bootloader.o
 .rel.data      0x00104e9c       0x30 bootloader.o
 .rel.text.startup
                0x00104ecc       0x10 bootloader.o
 .rel.rodata    0x00104edc        0x8 bootloader.o
 *(.rel.*)
 *(.__rel_dyn_end)
 .__rel_dyn_end
                0x00104ee4        0x0 bootloader.o
                0x00104ee4                __code_end = .

.interp         0x00104ee4       0x11
 .interp        0x00104ee4       0x11 bootloader.o

.gnu.version_d  0x00104ef8        0x0
 .gnu.version_d
                0x00104ef8        0x0 bootloader.o

.gnu.version    0x00104ef6        0x0
 .gnu.version   0x00104ef6        0x0 bootloader.o

.gnu.version_r  0x00104ef8        0x0
 .gnu.version_r
                0x00104ef8        0x0 bootloader.o

.dynsym         0x00104ef8       0x60
 .dynsym        0x00104ef8       0x60 bootloader.o

.dynstr         0x00104f58       0x21
 .dynstr        0x00104f58       0x21 bootloader.o

.hash           0x00104f7c       0x2c
 .hash          0x00104f7c       0x2c bootloader.o

.rodata.str1.1  0x00104fa8      0x230
 .rodata.str1.1
                0x00104fa8      0x18e gameplg.o
 .rodata.str1.1
                0x00105136        0x5 lib\AC.o
 .rodata.str1.1
                0x0010513b        0x5 lib\main.o
                                  0x1 (size before relaxing)
 .rodata.str1.1
                0x0010513b       0x1e lib\pm.o
 .rodata.str1.1
                0x00105159       0x74 lib\rt.o
 .rodata.str1.1
                0x001051cd        0x6 lib\SOC.o
 .rodata.str1.1
                0x001051d3        0x5 lib\srv.o

.rodata         0x001051d8       0x54
 .rodata        0x001051d8       0x4d lib\SOC.o
 *fill*         0x00105225        0x3 
 .rodata        0x00105228        0x4 ./lib\libc.a(lib_a-impure.o)
                0x00105228                _global_impure_ptr

.rodata.str1.4  0x0010522c        0x4
 .rodata.str1.4
                0x0010522c        0x4 ./lib\libc.a(lib_a-impure.o)
                0x00105230                . = ALIGN (0x4)

.bss            0x00105230     0x4eb0
 *(.__bss_start)
 .__bss_start   0x00105230        0x0 bootloader.o
                0x00105230                __c_bss_start
 *(.bss COMMON)
 .bss           0x00105230        0x0 bootloader.o
 .bss           0x00105230        0x8 gameplg.o
                0x00105230                g_i
                0x00105234                isNewNtr
 COMMON         0x00105238     0x4e50 gameplg.o
                0x00105238                g_find
                0x00105260                g_cheatEnabled
                0x001052a0                gamePluginMenu
                0x00105f1c                g_replace
                0x00105f44                fsUserHandle
                0x00105f48                g_functions
                0x00106048                threadStack
                0x0010a048                g_state
 .bss           0x0010a088        0x0 helpers.o
 .bss           0x0010a088       0x20 itemModifier.o
                0x0010a088                currentEdition
                0x0010a08c                ItemDataLength
                0x0010a090                MaxItemID
                0x0010a094                ItemPointerOffset
                0x0010a098                KeyItemPointerOffset
                0x0010a09c                TMHMPointerOffset
                0x0010a0a0                MedicinePointerOffset
                0x0010a0a4                BerryPointerOffset
 .bss           0x0010a0a8        0xc otherModifiers.o
                0x0010a0a8                MoneyPointerOffset
                0x0010a0ac                RepelPointerOffset
                0x0010a0b0                OPowerPointerOffset
 .bss           0x0010a0b4       0x14 pokeEncounterModifier.o
                0x0010a0b4                curEdition
                0x0010a0b8                PointerOffset
                0x0010a0bc                EncDataLength
                0x0010a0c0                ByteJump
                0x0010a0c4                DexOffset
 .bss           0x0010a0c8        0x0 lib\AC.o
 .bss           0x0010a0c8        0x0 lib\entry.o
 .bss           0x0010a0c8        0x0 lib\FS.o
 .bss           0x0010a0c8        0x0 lib\main.o
 COMMON         0x0010a0c8        0x4 lib\main.o
                0x0010a0c8                IoBaseLcd
 .bss           0x0010a0cc        0x0 lib\misc.o
 .bss           0x0010a0cc        0x0 lib\OS.o
 .bss           0x0010a0cc        0x8 lib\pm.o
                0x0010a0cc                currentPid
                0x0010a0d0                hCurrentProcess
 .bss           0x0010a0d4        0x0 lib\rt.o
 .bss           0x0010a0d4        0x0 lib\sharedfunc.o
 .bss           0x0010a0d4        0x8 lib\SOC.o
                0x0010a0d4                SOCU_handle
 .bss           0x0010a0dc        0x4 lib\srv.o
                0x0010a0dc                srvHandle
 .bss           0x0010a0e0        0x0 lib\stub.o
 .bss           0x0010a0e0        0x0 lib\svc.o
 .bss           0x0010a0e0        0x0 ./lib\libc.a(lib_a-memcpy-stub.o)
 .bss           0x0010a0e0        0x0 ./lib\libc.a(lib_a-memset.o)
 .bss           0x0010a0e0        0x0 ./lib\libc.a(lib_a-rand.o)
 .bss           0x0010a0e0        0x0 ./lib\libc.a(lib_a-strcpy.o)
 .bss           0x0010a0e0        0x0 ./lib\libc.a(lib_a-strlen.o)
 .bss           0x0010a0e0        0x0 ./lib\libc.a(lib_a-impure.o)
 .bss           0x0010a0e0        0x0 ./lib\libgcc.a(_udivsi3.o)
 .bss           0x0010a0e0        0x0 ./lib\libgcc.a(_divsi3.o)
 .bss           0x0010a0e0        0x0 ./lib\libgcc.a(_dvmd_tls.o)
 *(.__bss_end)
 .__bss_end     0x0010a0e0        0x0 bootloader.o
                0x0010a0e0                __c_bss_end
                0x0010a0e0                __end__ = .
LOAD bootloader.o
LOAD gameplg.o
LOAD helpers.o
LOAD itemModifier.o
LOAD otherModifiers.o
LOAD pokeEncounterModifier.o
LOAD lib\AC.o
LOAD lib\entry.o
LOAD lib\FS.o
LOAD lib\main.o
LOAD lib\misc.o
LOAD lib\OS.o
LOAD lib\pm.o
LOAD lib\rt.o
LOAD lib\sharedfunc.o
LOAD lib\SOC.o
LOAD lib\srv.o
LOAD lib\stub.o
LOAD lib\svc.o
LOAD ./lib\libc.a
LOAD ./lib\libgcc.a
OUTPUT(a.out elf32-littlearm)

.dynbss         0x0010a0e0        0x0
 .dynbss        0x0010a0e0        0x0 bootloader.o

.ARM.attributes
                0x00000000       0x27
 .ARM.attributes
                0x00000000       0x19 bootloader.o
 .ARM.attributes
                0x00000019       0x2b gameplg.o
 .ARM.attributes
                0x00000044       0x2b helpers.o
 .ARM.attributes
                0x0000006f       0x2b itemModifier.o
 .ARM.attributes
                0x0000009a       0x2b otherModifiers.o
 .ARM.attributes
                0x000000c5       0x2b pokeEncounterModifier.o
 .ARM.attributes
                0x000000f0       0x2b lib\AC.o
 .ARM.attributes
                0x0000011b       0x2b lib\entry.o
 .ARM.attributes
                0x00000146       0x2b lib\FS.o
 .ARM.attributes
                0x00000171       0x2b lib\main.o
 .ARM.attributes
                0x0000019c       0x19 lib\misc.o
 .ARM.attributes
                0x000001b5       0x2b lib\OS.o
 .ARM.attributes
                0x000001e0       0x2b lib\pm.o
 .ARM.attributes
                0x0000020b       0x2b lib\rt.o
 .ARM.attributes
                0x00000236       0x2b lib\sharedfunc.o
 .ARM.attributes
                0x00000261       0x2b lib\SOC.o
 .ARM.attributes
                0x0000028c       0x2b lib\srv.o
 .ARM.attributes
                0x000002b7       0x19 lib\stub.o
 .ARM.attributes
                0x000002d0       0x19 lib\svc.o
 .ARM.attributes
                0x000002e9       0x30 ./lib\libc.a(lib_a-memcpy-stub.o)
 .ARM.attributes
                0x00000319       0x30 ./lib\libc.a(lib_a-memset.o)
 .ARM.attributes
                0x00000349       0x30 ./lib\libc.a(lib_a-rand.o)
 .ARM.attributes
                0x00000379       0x30 ./lib\libc.a(lib_a-strcpy.o)
 .ARM.attributes
                0x000003a9       0x30 ./lib\libc.a(lib_a-strlen.o)
 .ARM.attributes
                0x000003d9       0x30 ./lib\libc.a(lib_a-impure.o)
 .ARM.attributes
                0x00000409       0x18 ./lib\libgcc.a(_udivsi3.o)
 .ARM.attributes
                0x00000421       0x18 ./lib\libgcc.a(_divsi3.o)
 .ARM.attributes
                0x00000439       0x18 ./lib\libgcc.a(_dvmd_tls.o)

.comment        0x00000000       0x44
 .comment       0x00000000       0x22 gameplg.o
                                 0x23 (size before relaxing)
 .comment       0x00000022       0x23 helpers.o
 .comment       0x00000022       0x23 itemModifier.o
 .comment       0x00000022       0x23 otherModifiers.o
 .comment       0x00000022       0x23 pokeEncounterModifier.o
 .comment       0x00000022       0x22 lib\AC.o
                                 0x23 (size before relaxing)
 .comment       0x00000044       0x23 lib\entry.o
 .comment       0x00000044       0x23 lib\FS.o
 .comment       0x00000044       0x23 lib\main.o
 .comment       0x00000044       0x23 lib\OS.o
 .comment       0x00000044       0x23 lib\pm.o
 .comment       0x00000044       0x23 lib\rt.o
 .comment       0x00000044       0x23 lib\sharedfunc.o
 .comment       0x00000044       0x23 lib\SOC.o
 .comment       0x00000044       0x23 lib\srv.o
 .comment       0x00000044       0x23 ./lib\libc.a(lib_a-memcpy-stub.o)
 .comment       0x00000044       0x23 ./lib\libc.a(lib_a-memset.o)
 .comment       0x00000044       0x23 ./lib\libc.a(lib_a-rand.o)
 .comment       0x00000044       0x23 ./lib\libc.a(lib_a-strcpy.o)
 .comment       0x00000044       0x23 ./lib\libc.a(lib_a-strlen.o)
 .comment       0x00000044       0x23 ./lib\libc.a(lib_a-impure.o)

.debug_info     0x00000000     0x6a07
 .debug_info    0x00000000     0x1bcb gameplg.o
 .debug_info    0x00001bcb      0x185 helpers.o
 .debug_info    0x00001d50      0xb31 itemModifier.o
 .debug_info    0x00002881      0x188 otherModifiers.o
 .debug_info    0x00002a09      0x5f6 pokeEncounterModifier.o
 .debug_info    0x00002fff      0x368 lib\AC.o
 .debug_info    0x00003367      0x11f lib\entry.o
 .debug_info    0x00003486      0x8a9 lib\FS.o
 .debug_info    0x00003d2f      0x272 lib\main.o
 .debug_info    0x00003fa1       0xc0 lib\OS.o
 .debug_info    0x00004061      0x335 lib\pm.o
 .debug_info    0x00004396      0xc82 lib\rt.o
 .debug_info    0x00005018      0x335 lib\sharedfunc.o
 .debug_info    0x0000534d     0x13dc lib\SOC.o
 .debug_info    0x00006729      0x2de lib\srv.o

.debug_abbrev   0x00000000     0x17b0
 .debug_abbrev  0x00000000      0x49b gameplg.o
 .debug_abbrev  0x0000049b      0x104 helpers.o
 .debug_abbrev  0x0000059f      0x146 itemModifier.o
 .debug_abbrev  0x000006e5       0x87 otherModifiers.o
 .debug_abbrev  0x0000076c      0x202 pokeEncounterModifier.o
 .debug_abbrev  0x0000096e      0x13f lib\AC.o
 .debug_abbrev  0x00000aad       0xcc lib\entry.o
 .debug_abbrev  0x00000b79      0x144 lib\FS.o
 .debug_abbrev  0x00000cbd      0x10f lib\main.o
 .debug_abbrev  0x00000dcc       0x6d lib\OS.o
 .debug_abbrev  0x00000e39      0x15f lib\pm.o
 .debug_abbrev  0x00000f98      0x2aa lib\rt.o
 .debug_abbrev  0x00001242       0xfb lib\sharedfunc.o
 .debug_abbrev  0x0000133d      0x304 lib\SOC.o
 .debug_abbrev  0x00001641      0x16f lib\srv.o

.debug_loc      0x00000000     0x4248
 .debug_loc     0x00000000      0xad7 gameplg.o
 .debug_loc     0x00000ad7       0x55 helpers.o
 .debug_loc     0x00000b2c      0x793 itemModifier.o
 .debug_loc     0x000012bf       0x5b otherModifiers.o
 .debug_loc     0x0000131a      0x6f4 pokeEncounterModifier.o
 .debug_loc     0x00001a0e      0x1cc lib\AC.o
 .debug_loc     0x00001bda       0x34 lib\entry.o
 .debug_loc     0x00001c0e      0x7db lib\FS.o
 .debug_loc     0x000023e9       0x5c lib\OS.o
 .debug_loc     0x00002445       0xfa lib\pm.o
 .debug_loc     0x0000253f      0x6b8 lib\rt.o
 .debug_loc     0x00002bf7     0x152b lib\SOC.o
 .debug_loc     0x00004122      0x126 lib\srv.o

.debug_aranges  0x00000000      0x1e0
 .debug_aranges
                0x00000000       0x20 gameplg.o
 .debug_aranges
                0x00000020       0x20 helpers.o
 .debug_aranges
                0x00000040       0x20 itemModifier.o
 .debug_aranges
                0x00000060       0x20 otherModifiers.o
 .debug_aranges
                0x00000080       0x20 pokeEncounterModifier.o
 .debug_aranges
                0x000000a0       0x20 lib\AC.o
 .debug_aranges
                0x000000c0       0x20 lib\entry.o
 .debug_aranges
                0x000000e0       0x20 lib\FS.o
 .debug_aranges
                0x00000100       0x20 lib\main.o
 .debug_aranges
                0x00000120       0x20 lib\OS.o
 .debug_aranges
                0x00000140       0x20 lib\pm.o
 .debug_aranges
                0x00000160       0x20 lib\rt.o
 .debug_aranges
                0x00000180       0x20 lib\sharedfunc.o
 .debug_aranges
                0x000001a0       0x20 lib\SOC.o
 .debug_aranges
                0x000001c0       0x20 lib\srv.o

.debug_ranges   0x00000000      0x130
 .debug_ranges  0x00000000       0x98 gameplg.o
 .debug_ranges  0x00000098       0x20 itemModifier.o
 .debug_ranges  0x000000b8       0x18 pokeEncounterModifier.o
 .debug_ranges  0x000000d0       0x10 lib\main.o
 .debug_ranges  0x000000e0       0x50 lib\rt.o

.debug_line     0x00000000     0x1a5d
 .debug_line    0x00000000      0x448 gameplg.o
 .debug_line    0x00000448       0xec helpers.o
 .debug_line    0x00000534      0x18c itemModifier.o
 .debug_line    0x000006c0       0xd7 otherModifiers.o
 .debug_line    0x00000797      0x1df pokeEncounterModifier.o
 .debug_line    0x00000976      0x12e lib\AC.o
 .debug_line    0x00000aa4       0xe1 lib\entry.o
 .debug_line    0x00000b85      0x1d0 lib\FS.o
 .debug_line    0x00000d55      0x116 lib\main.o
 .debug_line    0x00000e6b       0xed lib\OS.o
 .debug_line    0x00000f58      0x120 lib\pm.o
 .debug_line    0x00001078      0x27f lib\rt.o
 .debug_line    0x000012f7      0x102 lib\sharedfunc.o
 .debug_line    0x000013f9      0x4ed lib\SOC.o
 .debug_line    0x000018e6      0x177 lib\srv.o

.debug_str      0x00000000     0x17cb
 .debug_str     0x00000000      0xa9c gameplg.o
                                0xb7c (size before relaxing)
 .debug_str     0x00000a9c       0x59 helpers.o
                                0x196 (size before relaxing)
 .debug_str     0x00000af5      0x219 itemModifier.o
                                0x370 (size before relaxing)
 .debug_str     0x00000d0e       0x93 otherModifiers.o
                                0x1d8 (size before relaxing)
 .debug_str     0x00000da1      0x161 pokeEncounterModifier.o
                                0x2bc (size before relaxing)
 .debug_str     0x00000f02      0x101 lib\AC.o
                                0x1e9 (size before relaxing)
 .debug_str     0x00001003       0x3c lib\entry.o
                                0x14a (size before relaxing)
 .debug_str     0x0000103f      0x163 lib\FS.o
                                0x367 (size before relaxing)
 .debug_str     0x000011a2       0x94 lib\main.o
                                0x25f (size before relaxing)
 .debug_str     0x00001236       0x33 lib\OS.o
                                0x123 (size before relaxing)
 .debug_str     0x00001269       0xb0 lib\pm.o
                                0x229 (size before relaxing)
 .debug_str     0x00001319      0x1f8 lib\rt.o
                                0x4f0 (size before relaxing)
 .debug_str     0x00001511       0x1e lib\sharedfunc.o
                                0x22f (size before relaxing)
 .debug_str     0x0000152f      0x249 lib\SOC.o
                                0x420 (size before relaxing)
 .debug_str     0x00001778       0x53 lib\srv.o
                                0x1e1 (size before relaxing)

.debug_frame    0x00000000      0xf90
 .debug_frame   0x00000000      0x3d4 gameplg.o
 .debug_frame   0x000003d4       0x60 helpers.o
 .debug_frame   0x00000434      0x164 itemModifier.o
 .debug_frame   0x00000598       0x50 otherModifiers.o
 .debug_frame   0x000005e8       0xac pokeEncounterModifier.o
 .debug_frame   0x00000694       0x8c lib\AC.o
 .debug_frame   0x00000720       0x30 lib\entry.o
 .debug_frame   0x00000750      0x1ac lib\FS.o
 .debug_frame   0x000008fc       0x28 lib\main.o
 .debug_frame   0x00000924       0x20 lib\OS.o
 .debug_frame   0x00000944       0x90 lib\pm.o
 .debug_frame   0x000009d4      0x1a8 lib\rt.o
 .debug_frame   0x00000b7c       0x2c lib\sharedfunc.o
 .debug_frame   0x00000ba8      0x370 lib\SOC.o
 .debug_frame   0x00000f18       0x78 lib\srv.o
