Archive member included to satisfy reference by file (symbol)

./lib\libc.a(lib_a-memcpy-stub.o)
                              gameplg.o (memcpy)
./lib\libc.a(lib_a-memset.o)  gameplg.o (memset)
./lib\libc.a(lib_a-rand.o)    pokeEncounterModifier.o (rand)
./lib\libc.a(lib_a-strcpy.o)  gameplg.o (strcpy)
./lib\libc.a(lib_a-strlen.o)  gameplg.o (strlen)
./lib\libc.a(lib_a-impure.o)  ./lib\libc.a(lib_a-rand.o) (_impure_ptr)
./lib\libgcc.a(_divsi3.o)     pokeEncounterModifier.o (__aeabi_idivmod)
./lib\libgcc.a(_dvmd_tls.o)   ./lib\libgcc.a(_divsi3.o) (__aeabi_idiv0)

Allocating common symbols
Common symbol       size              file

g_find              0x28              gameplg.o
g_cheatEnabled      0x40              gameplg.o
gamePluginMenu      0xc7c             gameplg.o
IoBaseLcd           0x4               lib\main.o
g_replace           0x28              gameplg.o
fsUserHandle        0x4               gameplg.o
g_functions         0x100             gameplg.o
threadStack         0x4000            gameplg.o
g_state             0x40              gameplg.o

Memory Configuration

Name             Origin             Length             Attributes
*default*        0x00000000         0xffffffff

Linker script and memory map

                0x00100100                . = 0x100100
                0x00100100                . = ALIGN (0x4)

.text           0x00100100     0x3bb0
                0x00100100                __text_start = .
 bootloader.o(.text*)
 .text          0x00100100       0xb0 bootloader.o
                0x00100100                _Reset
                0x0010017c                _ReturnToUser
                0x00100190                plgGetIoBase
                0x00100198                copyRemoteMemory
 *(.text*)
 .text          0x001001b0      0x500 gameplg.o
                0x001001b0                initMenu
                0x00100210                addMenuEntry
                0x00100270                addCheatMenuEntry
                0x001002c0                updateMenu
                0x00100338                scanMenu
                0x0010037c                detectLanguage
                0x00100384                updateCheatEnableDisplay
                0x001003d4                disableCheat
                0x001003f0                onCheatItemChanged
                0x00100430                scanCheatMenu
                0x00100468                find_and_replace_multiple
                0x001004c4                add_to_address
                0x001004d4                sub_to_address
                0x001004e4                cloneSlotOneToSlots
                0x00100520                cloneFillBoxOne
                0x00100528                cloneThruSlotTwelve
                0x00100530                cloneSinglePkm
                0x00100538                initCheatMenu
                0x001005cc                gamePluginEntry
 .text          0x001006b0       0xe8 helpers.o
                0x001006b0                getKey
                0x001006d0                waitKeyUp
                0x00100700                waitKeyCombinationChanged
                0x00100730                getEdition
 .text          0x00100798      0x6ac itemModifier.o
                0x00100798                initItemModifier
                0x0010082c                getBagStartAddress
                0x00100894                getItemPossitionAddress
                0x001008c0                getItemIdAt
                0x001008d8                setItemIdAt
                0x001008f4                setItemIdFromTo
                0x00100954                incrementItemIdAt
                0x0010099c                reduceItemIdAt
                0x001009d4                getItemCountAddress
                0x001009e8                setItemCountAt
                0x00100a04                addToItemCountAt
                0x00100a48                removeFromItemCountAt
                0x00100a80                deleteItem
                0x00100a98                getAllItems
 .text          0x00100e44       0xa0 otherModifiers.o
                0x00100e44                initOtherModifiers
                0x00100ea0                setMoney
                0x00100eb4                setRemainingRepel
                0x00100ec8                setRemainingOPower
 .text          0x00100ee4      0x7a4 pokeEncounterModifier.o
                0x00100ee4                initWildPokeModifier
                0x00100f48                RandMinMax
                0x00100f6c                isObtained
                0x00101004                getRandomVariation
                0x001014dc                GetRandomPokemon
                0x00101510                setWildPokemonfromAddress
 .text          0x00101688      0x144 lib\AC.o
                0x00101688                ACU_cmd1
                0x001016d8                ACU_cmd26
                0x00101738                ACU_GetWifiStatus
                0x00101770                ACU_WaitInternetConnection
 .text          0x001017cc       0x30 lib\entry.o
                0x001017cc                c_entry
                0x001017f8                IRQHandler
 .text          0x001017fc      0x50c lib\FS.o
                0x001017fc                FSUSER_Initialize
                0x00101830                FSUSER_OpenFile
                0x001018d0                FSUSER_OpenFileDirectly
                0x00101990                FSUSER_OpenArchive
                0x00101a14                FSUSER_OpenDirectory
                0x00101aa0                FSUSER_CloseArchive
                0x00101af0                FSFILE_Close
                0x00101b20                FSFILE_Read
                0x00101b88                FSFILE_Write
                0x00101bf8                FSFILE_GetSize
                0x00101c3c                FSFILE_SetSize
                0x00101c74                FSDIR_Read
                0x00101cd8                FSDIR_Close
 .text          0x00101d08        0x0 lib\main.o
 .text.startup  0x00101d08       0x3c lib\main.o
                0x00101d08                main
 *fill*         0x00101d44        0xc 
 .text          0x00101d50       0x10 lib\misc.o
                0x00101d50                sleep
 .text          0x00101d60       0x3c lib\OS.o
                0x00101d60                OS_ConvertVaddr2Physaddr
 .text          0x00101d9c       0xd4 lib\pm.o
                0x00101d9c                dumpKernel
                0x00101da0                getCurrentProcessId
                0x00101dc4                getCurrentProcessHandle
                0x00101e2c                protectRemoteMemory
                0x00101e50                protectMemory
 .text          0x00101e70      0x54c lib\rt.o
                0x00101e70                rtInitLock
                0x00101e7c                rtAcquireLock
                0x00101eb0                rtReleaseLock
                0x00101ebc                rtAlignToPageSize
                0x00101ecc                rtGetPageOfAddress
                0x00101ed8                rtCheckRemoteMemoryRegionSafeForWrite
                0x00101f28                rtSafeCopyMemory
                0x00101f80                rtRecvSocket
                0x00101fe0                rtSendSocket
                0x0010203c                rtIntToPortNumber
                0x00102058                rtGetFileSize
                0x00102144                rtLoadFileToBuffer
                0x0010228c                rtGenerateJumpCode
                0x001022a4                rtFlushInstructionCache
                0x001022bc                rtInitHook
                0x00102334                rtEnableHook
                0x00102378                rtDisableHook
 .text          0x001023bc      0x10c lib\sharedfunc.o
                0x001023bc                initSharedFunc
 .text          0x001024c8      0xef8 lib\SOC.o
                0x00102504                socu_cmd1
                0x00102554                SOC_Shutdown
                0x00102590                SOC_Initialize
                0x001025f8                SOC_GetErrno
                0x00102608                socket
                0x00102670                closesocket
                0x001026d0                shutdown
                0x00102734                listen
                0x00102798                accept
                0x00102894                bind
                0x00102964                connect
                0x00102a34                socuipc_cmd7
                0x00102b50                socuipc_cmd8
                0x00102c90                socuipc_cmd9
                0x00102da0                socuipc_cmda
                0x00102eb4                recvfrom
                0x00102ee0                sendto
                0x00102f0c                recv
                0x00102f28                send
                0x00102f44                getsockopt
                0x00102ff4                setsockopt
                0x0010307c                fcntl
                0x00103144                sockatmark
                0x001031a4                gethostid
                0x001031e0                getsockname
                0x001032d0                getpeername
 .text          0x001033c0      0x118 lib\srv.o
                0x001033c0                exitSrv
                0x001033d8                srv_RegisterClient
                0x00103418                initSrv
                0x0010344c                srv_getServiceHandle
 .text          0x001034d8       0x40 lib\stub.o
                0x001034d8                showDbg
                0x001034e0                nsDbgPrint
                0x001034e8                plgRegisterMenuEntry
                0x001034f0                plgGetSharedServiceHandle
                0x001034f8                plgRequestMemory
                0x00103500                plgRegisterCallback
                0x00103508                xsprintf
                0x00103510                controlVideo
 *fill*         0x00103518        0x8 
 .text          0x00103520      0x2a0 lib\svc.o
                0x00103520                getThreadCommandBuffer
                0x0010352c                svc_controlMemory
                0x0010354c                svc_exitProcess
                0x00103554                svc_createThread
                0x00103574                svc_exitThread
                0x0010357c                svc_sleepThread
                0x00103584                svc_createMutex
                0x00103598                svc_releaseMutex
                0x001035a0                svc_releaseSemaphore
                0x001035b4                svc_createEvent
                0x001035c8                svc_signalEvent
                0x001035d0                svc_clearEvent
                0x001035d8                svc_createMemoryBlock
                0x001035f0                svc_mapMemoryBlock
                0x001035f8                svc_unmapMemoryBlock
                0x00103600                svc_arbitrateAddress
                0x00103608                svc_closeHandle
                0x00103610                svc_waitSynchronization1
                0x00103618                svc_waitSynchronizationN
                0x00103638                svc_getSystemTick
                0x00103640                svc_getSystemInfo
                0x0010365c                svc_getProcessInfo
                0x00103678                svc_connectToPort
                0x0010368c                svc_sendSyncRequest
                0x00103694                svc_getProcessId
                0x001036a8                svc_getThreadId
                0x001036bc                svc_setThreadIdealProcessor
                0x001036c4                svc_openThread
                0x001036d8                svc_flushProcessDataCache
                0x001036e0                svc_invalidateProcessDataCache
                0x001036e8                svc_queryMemory
                0x001036f0                svc_addCodeSegment
                0x001036f8                svc_openProcess
                0x0010370c                svc_controlProcessMemory
                0x00103724                svc_mapProcessMemory
                0x0010372c                svc_startInterProcessDma
                0x0010374c                svc_getDmaState
                0x00103760                svc_backDoor
                0x00103768                svc_getProcessList
                0x0010377c                svc_getThreadList
                0x00103790                svc_getThreadContext
                0x00103798                svc_debugActiveProcess
                0x001037ac                svc_readProcessMemory
                0x001037b4                svc_writeProcessMemory
 .text          0x001037c0       0xf0 ./lib\libc.a(lib_a-memcpy-stub.o)
                0x001037c0                memcpy
 .text          0x001038b0       0xf4 ./lib\libc.a(lib_a-memset.o)
                0x001038b0                memset
 .text          0x001039a4       0x70 ./lib\libc.a(lib_a-rand.o)
                0x001039a4                srand
                0x001039c0                rand
 .text          0x00103a14       0xf0 ./lib\libc.a(lib_a-strcpy.o)
                0x00103a14                strcpy
 .text          0x00103b04       0x60 ./lib\libc.a(lib_a-strlen.o)
                0x00103b04                strlen
 .text          0x00103b64        0x0 ./lib\libc.a(lib_a-impure.o)
 .text          0x00103b64      0x148 ./lib\libgcc.a(_divsi3.o)
                0x00103b64                __divsi3
                0x00103b64                __aeabi_idiv
                0x00103c8c                __aeabi_idivmod
 .text          0x00103cac        0x4 ./lib\libgcc.a(_dvmd_tls.o)
                0x00103cac                __aeabi_idiv0
                0x00103cac                __aeabi_ldiv0

.glue_7         0x00103cb0        0x0
 .glue_7        0x00103cb0        0x0 linker stubs

.glue_7t        0x00103cb0        0x0
 .glue_7t       0x00103cb0        0x0 linker stubs

.vfp11_veneer   0x00103cb0        0x0
 .vfp11_veneer  0x00103cb0        0x0 linker stubs

.v4_bx          0x00103cb0        0x0
 .v4_bx         0x00103cb0        0x0 linker stubs

.plt            0x00103cb0        0x0
 .plt           0x00103cb0        0x0 bootloader.o

.iplt           0x00103cb0        0x0
 .iplt          0x00103cb0        0x0 bootloader.o
                0x00103cb0                . = ALIGN (0x4)

.data           0x00103cb0      0x450
 *(.data)
 .data          0x00103cb0        0x0 bootloader.o
 .data          0x00103cb0        0x0 gameplg.o
 .data          0x00103cb0        0x4 helpers.o
                0x00103cb0                IoBasePad
 .data          0x00103cb4        0x0 itemModifier.o
 .data          0x00103cb4        0x0 otherModifiers.o
 .data          0x00103cb4        0x0 pokeEncounterModifier.o
 .data          0x00103cb4        0x0 lib\AC.o
 .data          0x00103cb4        0x0 lib\entry.o
 .data          0x00103cb4        0x0 lib\FS.o
 .data          0x00103cb4       0x18 lib\main.o
                0x00103cb4                sdmcArchive
 .data          0x00103ccc        0x0 lib\misc.o
 .data          0x00103ccc        0x0 lib\OS.o
 .data          0x00103ccc        0x0 lib\pm.o
 .data          0x00103ccc        0x0 lib\rt.o
 .data          0x00103ccc        0x0 lib\sharedfunc.o
 .data          0x00103ccc        0x0 lib\SOC.o
 .data          0x00103ccc        0x0 lib\srv.o
 .data          0x00103ccc        0x0 lib\stub.o
 .data          0x00103ccc        0x0 lib\svc.o
 .data          0x00103ccc        0x0 ./lib\libc.a(lib_a-memcpy-stub.o)
 .data          0x00103ccc        0x0 ./lib\libc.a(lib_a-memset.o)
 .data          0x00103ccc        0x0 ./lib\libc.a(lib_a-rand.o)
 .data          0x00103ccc        0x0 ./lib\libc.a(lib_a-strcpy.o)
 .data          0x00103ccc        0x0 ./lib\libc.a(lib_a-strlen.o)
 *fill*         0x00103ccc        0x4 
 .data          0x00103cd0      0x430 ./lib\libc.a(lib_a-impure.o)
                0x00103cd0                _impure_ptr
 .data          0x00104100        0x0 ./lib\libgcc.a(_divsi3.o)
 .data          0x00104100        0x0 ./lib\libgcc.a(_dvmd_tls.o)

.dynamic        0x00104100       0x80
 .dynamic       0x00104100       0x80 bootloader.o
                0x00104100                _DYNAMIC

.got            0x00104180        0x0
 .got           0x00104180        0x0 bootloader.o

.got.plt        0x00104180        0xc
 .got.plt       0x00104180        0xc bootloader.o
                0x00104180                _GLOBAL_OFFSET_TABLE_

.igot.plt       0x0010418c        0x0
 .igot.plt      0x0010418c        0x0 bootloader.o
                0x0010418c                . = ALIGN (0x4)
                0x0010418c                . = ALIGN (0x4)

.rel.dyn        0x0010418c      0x3d8
 *(.__rel_dyn_start)
 .__rel_dyn_start
                0x0010418c        0x0 bootloader.o
 *(.rel*)
 .rel.got       0x0010418c        0x0 bootloader.o
 .rel.plt       0x0010418c        0x0 bootloader.o
 .rel.iplt      0x0010418c        0x0 bootloader.o
 .rel.text      0x0010418c      0x390 bootloader.o
 .rel.data      0x0010451c       0x30 bootloader.o
 .rel.text.startup
                0x0010454c       0x10 bootloader.o
 .rel.rodata    0x0010455c        0x8 bootloader.o
 *(.rel.*)
 *(.__rel_dyn_end)
 .__rel_dyn_end
                0x00104564        0x0 bootloader.o
                0x00104564                __code_end = .

.interp         0x00104564       0x11
 .interp        0x00104564       0x11 bootloader.o

.gnu.version_d  0x00104578        0x0
 .gnu.version_d
                0x00104578        0x0 bootloader.o

.gnu.version    0x00104576        0x0
 .gnu.version   0x00104576        0x0 bootloader.o

.gnu.version_r  0x00104578        0x0
 .gnu.version_r
                0x00104578        0x0 bootloader.o

.dynsym         0x00104578       0x60
 .dynsym        0x00104578       0x60 bootloader.o

.dynstr         0x001045d8       0x21
 .dynstr        0x001045d8       0x21 bootloader.o

.hash           0x001045fc       0x2c
 .hash          0x001045fc       0x2c bootloader.o

.rodata.str1.1  0x00104628      0x167
 .rodata.str1.1
                0x00104628       0xc5 gameplg.o
 .rodata.str1.1
                0x001046ed        0x5 lib\AC.o
 .rodata.str1.1
                0x001046f2        0x5 lib\main.o
                                  0x1 (size before relaxing)
 .rodata.str1.1
                0x001046f2       0x1e lib\pm.o
 .rodata.str1.1
                0x00104710       0x74 lib\rt.o
 .rodata.str1.1
                0x00104784        0x6 lib\SOC.o
 .rodata.str1.1
                0x0010478a        0x5 lib\srv.o

.rodata         0x00104790       0x54
 .rodata        0x00104790       0x4d lib\SOC.o
 *fill*         0x001047dd        0x3 
 .rodata        0x001047e0        0x4 ./lib\libc.a(lib_a-impure.o)
                0x001047e0                _global_impure_ptr

.rodata.str1.4  0x001047e4        0x4
 .rodata.str1.4
                0x001047e4        0x4 ./lib\libc.a(lib_a-impure.o)
                0x001047e8                . = ALIGN (0x4)

.bss            0x001047e8     0x4eb0
 *(.__bss_start)
 .__bss_start   0x001047e8        0x0 bootloader.o
                0x001047e8                __c_bss_start
 *(.bss COMMON)
 .bss           0x001047e8        0x0 bootloader.o
 .bss           0x001047e8        0x8 gameplg.o
                0x001047e8                g_i
                0x001047ec                isNewNtr
 COMMON         0x001047f0     0x4e50 gameplg.o
                0x001047f0                g_find
                0x00104818                g_cheatEnabled
                0x00104858                gamePluginMenu
                0x001054d4                g_replace
                0x001054fc                fsUserHandle
                0x00105500                g_functions
                0x00105600                threadStack
                0x00109600                g_state
 .bss           0x00109640        0x0 helpers.o
 .bss           0x00109640       0x20 itemModifier.o
                0x00109640                currentEdition
                0x00109644                ItemDataLength
                0x00109648                MaxItemID
                0x0010964c                ItemPointerOffset
                0x00109650                KeyItemPointerOffset
                0x00109654                TMHMPointerOffset
                0x00109658                MedicinePointerOffset
                0x0010965c                BerryPointerOffset
 .bss           0x00109660        0xc otherModifiers.o
                0x00109660                MoneyPointerOffset
                0x00109664                RepelPointerOffset
                0x00109668                OPowerPointerOffset
 .bss           0x0010966c       0x14 pokeEncounterModifier.o
                0x0010966c                curEdition
                0x00109670                PointerOffset
                0x00109674                EncDataLength
                0x00109678                ByteJump
                0x0010967c                DexOffset
 .bss           0x00109680        0x0 lib\AC.o
 .bss           0x00109680        0x0 lib\entry.o
 .bss           0x00109680        0x0 lib\FS.o
 .bss           0x00109680        0x0 lib\main.o
 COMMON         0x00109680        0x4 lib\main.o
                0x00109680                IoBaseLcd
 .bss           0x00109684        0x0 lib\misc.o
 .bss           0x00109684        0x0 lib\OS.o
 .bss           0x00109684        0x8 lib\pm.o
                0x00109684                currentPid
                0x00109688                hCurrentProcess
 .bss           0x0010968c        0x0 lib\rt.o
 .bss           0x0010968c        0x0 lib\sharedfunc.o
 .bss           0x0010968c        0x8 lib\SOC.o
                0x0010968c                SOCU_handle
 .bss           0x00109694        0x4 lib\srv.o
                0x00109694                srvHandle
 .bss           0x00109698        0x0 lib\stub.o
 .bss           0x00109698        0x0 lib\svc.o
 .bss           0x00109698        0x0 ./lib\libc.a(lib_a-memcpy-stub.o)
 .bss           0x00109698        0x0 ./lib\libc.a(lib_a-memset.o)
 .bss           0x00109698        0x0 ./lib\libc.a(lib_a-rand.o)
 .bss           0x00109698        0x0 ./lib\libc.a(lib_a-strcpy.o)
 .bss           0x00109698        0x0 ./lib\libc.a(lib_a-strlen.o)
 .bss           0x00109698        0x0 ./lib\libc.a(lib_a-impure.o)
 .bss           0x00109698        0x0 ./lib\libgcc.a(_divsi3.o)
 .bss           0x00109698        0x0 ./lib\libgcc.a(_dvmd_tls.o)
 *(.__bss_end)
 .__bss_end     0x00109698        0x0 bootloader.o
                0x00109698                __c_bss_end
                0x00109698                __end__ = .
LOAD bootloader.o
LOAD gameplg.o
LOAD helpers.o
LOAD itemModifier.o
LOAD otherModifiers.o
LOAD pokeEncounterModifier.o
LOAD lib\AC.o
LOAD lib\entry.o
LOAD lib\FS.o
LOAD lib\main.o
LOAD lib\misc.o
LOAD lib\OS.o
LOAD lib\pm.o
LOAD lib\rt.o
LOAD lib\sharedfunc.o
LOAD lib\SOC.o
LOAD lib\srv.o
LOAD lib\stub.o
LOAD lib\svc.o
LOAD ./lib\libc.a
LOAD ./lib\libgcc.a
OUTPUT(a.out elf32-littlearm)

.dynbss         0x00109698        0x0
 .dynbss        0x00109698        0x0 bootloader.o

.ARM.attributes
                0x00000000       0x27
 .ARM.attributes
                0x00000000       0x19 bootloader.o
 .ARM.attributes
                0x00000019       0x2b gameplg.o
 .ARM.attributes
                0x00000044       0x2b helpers.o
 .ARM.attributes
                0x0000006f       0x2b itemModifier.o
 .ARM.attributes
                0x0000009a       0x2b otherModifiers.o
 .ARM.attributes
                0x000000c5       0x2b pokeEncounterModifier.o
 .ARM.attributes
                0x000000f0       0x2b lib\AC.o
 .ARM.attributes
                0x0000011b       0x2b lib\entry.o
 .ARM.attributes
                0x00000146       0x2b lib\FS.o
 .ARM.attributes
                0x00000171       0x2b lib\main.o
 .ARM.attributes
                0x0000019c       0x19 lib\misc.o
 .ARM.attributes
                0x000001b5       0x2b lib\OS.o
 .ARM.attributes
                0x000001e0       0x2b lib\pm.o
 .ARM.attributes
                0x0000020b       0x2b lib\rt.o
 .ARM.attributes
                0x00000236       0x2b lib\sharedfunc.o
 .ARM.attributes
                0x00000261       0x2b lib\SOC.o
 .ARM.attributes
                0x0000028c       0x2b lib\srv.o
 .ARM.attributes
                0x000002b7       0x19 lib\stub.o
 .ARM.attributes
                0x000002d0       0x19 lib\svc.o
 .ARM.attributes
                0x000002e9       0x30 ./lib\libc.a(lib_a-memcpy-stub.o)
 .ARM.attributes
                0x00000319       0x30 ./lib\libc.a(lib_a-memset.o)
 .ARM.attributes
                0x00000349       0x30 ./lib\libc.a(lib_a-rand.o)
 .ARM.attributes
                0x00000379       0x30 ./lib\libc.a(lib_a-strcpy.o)
 .ARM.attributes
                0x000003a9       0x30 ./lib\libc.a(lib_a-strlen.o)
 .ARM.attributes
                0x000003d9       0x30 ./lib\libc.a(lib_a-impure.o)
 .ARM.attributes
                0x00000409       0x18 ./lib\libgcc.a(_divsi3.o)
 .ARM.attributes
                0x00000421       0x18 ./lib\libgcc.a(_dvmd_tls.o)

.comment        0x00000000       0x44
 .comment       0x00000000       0x22 gameplg.o
                                 0x23 (size before relaxing)
 .comment       0x00000022       0x23 helpers.o
 .comment       0x00000022       0x23 itemModifier.o
 .comment       0x00000022       0x23 otherModifiers.o
 .comment       0x00000022       0x23 pokeEncounterModifier.o
 .comment       0x00000022       0x22 lib\AC.o
                                 0x23 (size before relaxing)
 .comment       0x00000044       0x23 lib\entry.o
 .comment       0x00000044       0x23 lib\FS.o
 .comment       0x00000044       0x23 lib\main.o
 .comment       0x00000044       0x23 lib\OS.o
 .comment       0x00000044       0x23 lib\pm.o
 .comment       0x00000044       0x23 lib\rt.o
 .comment       0x00000044       0x23 lib\sharedfunc.o
 .comment       0x00000044       0x23 lib\SOC.o
 .comment       0x00000044       0x23 lib\srv.o
 .comment       0x00000044       0x23 ./lib\libc.a(lib_a-memcpy-stub.o)
 .comment       0x00000044       0x23 ./lib\libc.a(lib_a-memset.o)
 .comment       0x00000044       0x23 ./lib\libc.a(lib_a-rand.o)
 .comment       0x00000044       0x23 ./lib\libc.a(lib_a-strcpy.o)
 .comment       0x00000044       0x23 ./lib\libc.a(lib_a-strlen.o)
 .comment       0x00000044       0x23 ./lib\libc.a(lib_a-impure.o)

.debug_info     0x00000000     0x5aa2
 .debug_info    0x00000000      0xc66 gameplg.o
 .debug_info    0x00000c66      0x185 helpers.o
 .debug_info    0x00000deb      0xb31 itemModifier.o
 .debug_info    0x0000191c      0x188 otherModifiers.o
 .debug_info    0x00001aa4      0x5f6 pokeEncounterModifier.o
 .debug_info    0x0000209a      0x368 lib\AC.o
 .debug_info    0x00002402      0x11f lib\entry.o
 .debug_info    0x00002521      0x8a9 lib\FS.o
 .debug_info    0x00002dca      0x272 lib\main.o
 .debug_info    0x0000303c       0xc0 lib\OS.o
 .debug_info    0x000030fc      0x335 lib\pm.o
 .debug_info    0x00003431      0xc82 lib\rt.o
 .debug_info    0x000040b3      0x335 lib\sharedfunc.o
 .debug_info    0x000043e8     0x13dc lib\SOC.o
 .debug_info    0x000057c4      0x2de lib\srv.o

.debug_abbrev   0x00000000     0x162d
 .debug_abbrev  0x00000000      0x318 gameplg.o
 .debug_abbrev  0x00000318      0x104 helpers.o
 .debug_abbrev  0x0000041c      0x146 itemModifier.o
 .debug_abbrev  0x00000562       0x87 otherModifiers.o
 .debug_abbrev  0x000005e9      0x202 pokeEncounterModifier.o
 .debug_abbrev  0x000007eb      0x13f lib\AC.o
 .debug_abbrev  0x0000092a       0xcc lib\entry.o
 .debug_abbrev  0x000009f6      0x144 lib\FS.o
 .debug_abbrev  0x00000b3a      0x10f lib\main.o
 .debug_abbrev  0x00000c49       0x6d lib\OS.o
 .debug_abbrev  0x00000cb6      0x15f lib\pm.o
 .debug_abbrev  0x00000e15      0x2aa lib\rt.o
 .debug_abbrev  0x000010bf       0xfb lib\sharedfunc.o
 .debug_abbrev  0x000011ba      0x304 lib\SOC.o
 .debug_abbrev  0x000014be      0x16f lib\srv.o

.debug_loc      0x00000000     0x3bc2
 .debug_loc     0x00000000      0x451 gameplg.o
 .debug_loc     0x00000451       0x55 helpers.o
 .debug_loc     0x000004a6      0x793 itemModifier.o
 .debug_loc     0x00000c39       0x5b otherModifiers.o
 .debug_loc     0x00000c94      0x6f4 pokeEncounterModifier.o
 .debug_loc     0x00001388      0x1cc lib\AC.o
 .debug_loc     0x00001554       0x34 lib\entry.o
 .debug_loc     0x00001588      0x7db lib\FS.o
 .debug_loc     0x00001d63       0x5c lib\OS.o
 .debug_loc     0x00001dbf       0xfa lib\pm.o
 .debug_loc     0x00001eb9      0x6b8 lib\rt.o
 .debug_loc     0x00002571     0x152b lib\SOC.o
 .debug_loc     0x00003a9c      0x126 lib\srv.o

.debug_aranges  0x00000000      0x1e0
 .debug_aranges
                0x00000000       0x20 gameplg.o
 .debug_aranges
                0x00000020       0x20 helpers.o
 .debug_aranges
                0x00000040       0x20 itemModifier.o
 .debug_aranges
                0x00000060       0x20 otherModifiers.o
 .debug_aranges
                0x00000080       0x20 pokeEncounterModifier.o
 .debug_aranges
                0x000000a0       0x20 lib\AC.o
 .debug_aranges
                0x000000c0       0x20 lib\entry.o
 .debug_aranges
                0x000000e0       0x20 lib\FS.o
 .debug_aranges
                0x00000100       0x20 lib\main.o
 .debug_aranges
                0x00000120       0x20 lib\OS.o
 .debug_aranges
                0x00000140       0x20 lib\pm.o
 .debug_aranges
                0x00000160       0x20 lib\rt.o
 .debug_aranges
                0x00000180       0x20 lib\sharedfunc.o
 .debug_aranges
                0x000001a0       0x20 lib\SOC.o
 .debug_aranges
                0x000001c0       0x20 lib\srv.o

.debug_ranges   0x00000000       0xb8
 .debug_ranges  0x00000000       0x20 gameplg.o
 .debug_ranges  0x00000020       0x20 itemModifier.o
 .debug_ranges  0x00000040       0x18 pokeEncounterModifier.o
 .debug_ranges  0x00000058       0x10 lib\main.o
 .debug_ranges  0x00000068       0x50 lib\rt.o

.debug_line     0x00000000     0x181e
 .debug_line    0x00000000      0x209 gameplg.o
 .debug_line    0x00000209       0xec helpers.o
 .debug_line    0x000002f5      0x18c itemModifier.o
 .debug_line    0x00000481       0xd7 otherModifiers.o
 .debug_line    0x00000558      0x1df pokeEncounterModifier.o
 .debug_line    0x00000737      0x12e lib\AC.o
 .debug_line    0x00000865       0xe1 lib\entry.o
 .debug_line    0x00000946      0x1d0 lib\FS.o
 .debug_line    0x00000b16      0x116 lib\main.o
 .debug_line    0x00000c2c       0xed lib\OS.o
 .debug_line    0x00000d19      0x120 lib\pm.o
 .debug_line    0x00000e39      0x27f lib\rt.o
 .debug_line    0x000010b8      0x102 lib\sharedfunc.o
 .debug_line    0x000011ba      0x4ed lib\SOC.o
 .debug_line    0x000016a7      0x177 lib\srv.o

.debug_str      0x00000000     0x12e9
 .debug_str     0x00000000      0x5b3 gameplg.o
                                0x67e (size before relaxing)
 .debug_str     0x000005b3       0x59 helpers.o
                                0x190 (size before relaxing)
 .debug_str     0x0000060c      0x219 itemModifier.o
                                0x36a (size before relaxing)
 .debug_str     0x00000825       0x93 otherModifiers.o
                                0x1d2 (size before relaxing)
 .debug_str     0x000008b8      0x161 pokeEncounterModifier.o
                                0x2b6 (size before relaxing)
 .debug_str     0x00000a19      0x108 lib\AC.o
                                0x1e9 (size before relaxing)
 .debug_str     0x00000b21       0x3c lib\entry.o
                                0x14a (size before relaxing)
 .debug_str     0x00000b5d      0x163 lib\FS.o
                                0x367 (size before relaxing)
 .debug_str     0x00000cc0       0x94 lib\main.o
                                0x25f (size before relaxing)
 .debug_str     0x00000d54       0x33 lib\OS.o
                                0x123 (size before relaxing)
 .debug_str     0x00000d87       0xb0 lib\pm.o
                                0x229 (size before relaxing)
 .debug_str     0x00000e37      0x1f8 lib\rt.o
                                0x4f0 (size before relaxing)
 .debug_str     0x0000102f       0x1e lib\sharedfunc.o
                                0x22f (size before relaxing)
 .debug_str     0x0000104d      0x249 lib\SOC.o
                                0x420 (size before relaxing)
 .debug_str     0x00001296       0x53 lib\srv.o
                                0x1e1 (size before relaxing)

.debug_frame    0x00000000      0xd80
 .debug_frame   0x00000000      0x1c4 gameplg.o
 .debug_frame   0x000001c4       0x60 helpers.o
 .debug_frame   0x00000224      0x164 itemModifier.o
 .debug_frame   0x00000388       0x50 otherModifiers.o
 .debug_frame   0x000003d8       0xac pokeEncounterModifier.o
 .debug_frame   0x00000484       0x8c lib\AC.o
 .debug_frame   0x00000510       0x30 lib\entry.o
 .debug_frame   0x00000540      0x1ac lib\FS.o
 .debug_frame   0x000006ec       0x28 lib\main.o
 .debug_frame   0x00000714       0x20 lib\OS.o
 .debug_frame   0x00000734       0x90 lib\pm.o
 .debug_frame   0x000007c4      0x1a8 lib\rt.o
 .debug_frame   0x0000096c       0x2c lib\sharedfunc.o
 .debug_frame   0x00000998      0x370 lib\SOC.o
 .debug_frame   0x00000d08       0x78 lib\srv.o
