Archive member included to satisfy reference by file (symbol)

./lib\libc.a(lib_a-memcpy-stub.o)
                              gameplg.o (memcpy)
./lib\libc.a(lib_a-memset.o)  gameplg.o (memset)
./lib\libc.a(lib_a-rand.o)    pokeEncounterModifier.o (rand)
./lib\libc.a(lib_a-strcpy.o)  gameplg.o (strcpy)
./lib\libc.a(lib_a-strlen.o)  gameplg.o (strlen)
./lib\libc.a(lib_a-impure.o)  ./lib\libc.a(lib_a-rand.o) (_impure_ptr)
./lib\libgcc.a(_udivsi3.o)    gameplg.o (__aeabi_uidivmod)
./lib\libgcc.a(_divsi3.o)     pokeEncounterModifier.o (__aeabi_idivmod)
./lib\libgcc.a(_dvmd_tls.o)   ./lib\libgcc.a(_udivsi3.o) (__aeabi_idiv0)

Allocating common symbols
Common symbol       size              file

g_find              0x28              gameplg.o
g_cheatEnabled      0x40              gameplg.o
gamePluginMenu      0xc7c             gameplg.o
IoBaseLcd           0x4               lib\main.o
g_replace           0x28              gameplg.o
fsUserHandle        0x4               gameplg.o
g_functions         0x100             gameplg.o
threadStack         0x4000            gameplg.o
g_state             0x40              gameplg.o

Memory Configuration

Name             Origin             Length             Attributes
*default*        0x00000000         0xffffffff

Linker script and memory map

                0x00100100                . = 0x100100
                0x00100100                . = ALIGN (0x4)

.text           0x00100100     0x4464
                0x00100100                __text_start = .
 bootloader.o(.text*)
 .text          0x00100100       0xb0 bootloader.o
                0x00100100                _Reset
                0x0010017c                _ReturnToUser
                0x00100190                plgGetIoBase
                0x00100198                copyRemoteMemory
 *(.text*)
 .text          0x001001b0      0xca0 gameplg.o
                0x001001b0                cloneBoxOneToBoxTwo
                0x001001cc                cloneBoxTwoToBoxOne
                0x001001e8                initMenu
                0x00100248                addMenuEntry
                0x001002a8                addCheatMenuEntry
                0x001002f8                updateMenu
                0x00100370                scanMenu
                0x001003b4                detectLanguage
                0x001003bc                updateCheatEnableDisplay
                0x0010040c                disableCheat
                0x00100428                onCheatItemChanged
                0x00100468                scanCheatMenu
                0x001004a0                find_and_replace_multiple
                0x001004fc                seedStep
                0x00100514                checksum
                0x00100540                shuffleArray
                0x00100614                decryptPokemon
                0x001006b4                encryptPokemon
                0x00100750                decryptBattleStats
                0x001007c0                updateChecksum
                0x001007d8                getCurrentPokemon
                0x001007ec                setCurrentPokemon
                0x00100810                EncConstToNickB1S1
                0x001008ac                SIDtoNick
                0x0010093c                setCurrentPokemonWild
                0x0010096c                makeShiny
                0x001009a8                makeShinyPC
                0x001009d4                setIV
                0x001009f4                isShiny
                0x00100a30                shinyB1S1
                0x00100a98                shinifyCheat
                0x00100ad8                getPSV
                0x00100aec                PSVtoNick
                0x00100b94                getTSV
                0x00100ba8                add_to_address
                0x00100bb8                sub_to_address
                0x00100bc8                cloneSlotOneToSlots
                0x00100c04                cloneFillBoxOne
                0x00100c0c                cloneThruSlotTwelve
                0x00100c14                cloneSinglePkm
                0x00100c1c                initCheatMenu
                0x00100d70                gamePluginEntry
 .text          0x00100e50       0xe8 helpers.o
                0x00100e50                getKey
                0x00100e70                waitKeyUp
                0x00100ea0                waitKeyCombinationChanged
                0x00100ed0                getEdition
 .text          0x00100f38      0x6ac itemModifier.o
                0x00100f38                initItemModifier
                0x00100fcc                getBagStartAddress
                0x00101034                getItemPossitionAddress
                0x00101060                getItemIdAt
                0x00101078                setItemIdAt
                0x00101094                setItemIdFromTo
                0x001010f4                incrementItemIdAt
                0x0010113c                reduceItemIdAt
                0x00101174                getItemCountAddress
                0x00101188                setItemCountAt
                0x001011a4                addToItemCountAt
                0x001011e8                removeFromItemCountAt
                0x00101220                deleteItem
                0x00101238                getAllItems
 .text          0x001015e4       0xa0 otherModifiers.o
                0x001015e4                initOtherModifiers
                0x00101640                setMoney
                0x00101654                setRemainingRepel
                0x00101668                setRemainingOPower
 .text          0x00101684      0x7a4 pokeEncounterModifier.o
                0x00101684                initWildPokeModifier
                0x001016e8                RandMinMax
                0x0010170c                isObtained
                0x001017a4                getRandomVariation
                0x00101c7c                GetRandomPokemon
                0x00101cb0                setWildPokemonfromAddress
 .text          0x00101e28      0x144 lib\AC.o
                0x00101e28                ACU_cmd1
                0x00101e78                ACU_cmd26
                0x00101ed8                ACU_GetWifiStatus
                0x00101f10                ACU_WaitInternetConnection
 .text          0x00101f6c       0x30 lib\entry.o
                0x00101f6c                c_entry
                0x00101f98                IRQHandler
 .text          0x00101f9c      0x50c lib\FS.o
                0x00101f9c                FSUSER_Initialize
                0x00101fd0                FSUSER_OpenFile
                0x00102070                FSUSER_OpenFileDirectly
                0x00102130                FSUSER_OpenArchive
                0x001021b4                FSUSER_OpenDirectory
                0x00102240                FSUSER_CloseArchive
                0x00102290                FSFILE_Close
                0x001022c0                FSFILE_Read
                0x00102328                FSFILE_Write
                0x00102398                FSFILE_GetSize
                0x001023dc                FSFILE_SetSize
                0x00102414                FSDIR_Read
                0x00102478                FSDIR_Close
 .text          0x001024a8        0x0 lib\main.o
 .text.startup  0x001024a8       0x3c lib\main.o
                0x001024a8                main
 *fill*         0x001024e4        0xc 
 .text          0x001024f0       0x10 lib\misc.o
                0x001024f0                sleep
 .text          0x00102500       0x3c lib\OS.o
                0x00102500                OS_ConvertVaddr2Physaddr
 .text          0x0010253c       0xd4 lib\pm.o
                0x0010253c                dumpKernel
                0x00102540                getCurrentProcessId
                0x00102564                getCurrentProcessHandle
                0x001025cc                protectRemoteMemory
                0x001025f0                protectMemory
 .text          0x00102610      0x54c lib\rt.o
                0x00102610                rtInitLock
                0x0010261c                rtAcquireLock
                0x00102650                rtReleaseLock
                0x0010265c                rtAlignToPageSize
                0x0010266c                rtGetPageOfAddress
                0x00102678                rtCheckRemoteMemoryRegionSafeForWrite
                0x001026c8                rtSafeCopyMemory
                0x00102720                rtRecvSocket
                0x00102780                rtSendSocket
                0x001027dc                rtIntToPortNumber
                0x001027f8                rtGetFileSize
                0x001028e4                rtLoadFileToBuffer
                0x00102a2c                rtGenerateJumpCode
                0x00102a44                rtFlushInstructionCache
                0x00102a5c                rtInitHook
                0x00102ad4                rtEnableHook
                0x00102b18                rtDisableHook
 .text          0x00102b5c      0x10c lib\sharedfunc.o
                0x00102b5c                initSharedFunc
 .text          0x00102c68      0xef8 lib\SOC.o
                0x00102ca4                socu_cmd1
                0x00102cf4                SOC_Shutdown
                0x00102d30                SOC_Initialize
                0x00102d98                SOC_GetErrno
                0x00102da8                socket
                0x00102e10                closesocket
                0x00102e70                shutdown
                0x00102ed4                listen
                0x00102f38                accept
                0x00103034                bind
                0x00103104                connect
                0x001031d4                socuipc_cmd7
                0x001032f0                socuipc_cmd8
                0x00103430                socuipc_cmd9
                0x00103540                socuipc_cmda
                0x00103654                recvfrom
                0x00103680                sendto
                0x001036ac                recv
                0x001036c8                send
                0x001036e4                getsockopt
                0x00103794                setsockopt
                0x0010381c                fcntl
                0x001038e4                sockatmark
                0x00103944                gethostid
                0x00103980                getsockname
                0x00103a70                getpeername
 .text          0x00103b60      0x118 lib\srv.o
                0x00103b60                exitSrv
                0x00103b78                srv_RegisterClient
                0x00103bb8                initSrv
                0x00103bec                srv_getServiceHandle
 .text          0x00103c78       0x40 lib\stub.o
                0x00103c78                showDbg
                0x00103c80                nsDbgPrint
                0x00103c88                plgRegisterMenuEntry
                0x00103c90                plgGetSharedServiceHandle
                0x00103c98                plgRequestMemory
                0x00103ca0                plgRegisterCallback
                0x00103ca8                xsprintf
                0x00103cb0                controlVideo
 *fill*         0x00103cb8        0x8 
 .text          0x00103cc0      0x2a0 lib\svc.o
                0x00103cc0                getThreadCommandBuffer
                0x00103ccc                svc_controlMemory
                0x00103cec                svc_exitProcess
                0x00103cf4                svc_createThread
                0x00103d14                svc_exitThread
                0x00103d1c                svc_sleepThread
                0x00103d24                svc_createMutex
                0x00103d38                svc_releaseMutex
                0x00103d40                svc_releaseSemaphore
                0x00103d54                svc_createEvent
                0x00103d68                svc_signalEvent
                0x00103d70                svc_clearEvent
                0x00103d78                svc_createMemoryBlock
                0x00103d90                svc_mapMemoryBlock
                0x00103d98                svc_unmapMemoryBlock
                0x00103da0                svc_arbitrateAddress
                0x00103da8                svc_closeHandle
                0x00103db0                svc_waitSynchronization1
                0x00103db8                svc_waitSynchronizationN
                0x00103dd8                svc_getSystemTick
                0x00103de0                svc_getSystemInfo
                0x00103dfc                svc_getProcessInfo
                0x00103e18                svc_connectToPort
                0x00103e2c                svc_sendSyncRequest
                0x00103e34                svc_getProcessId
                0x00103e48                svc_getThreadId
                0x00103e5c                svc_setThreadIdealProcessor
                0x00103e64                svc_openThread
                0x00103e78                svc_flushProcessDataCache
                0x00103e80                svc_invalidateProcessDataCache
                0x00103e88                svc_queryMemory
                0x00103e90                svc_addCodeSegment
                0x00103e98                svc_openProcess
                0x00103eac                svc_controlProcessMemory
                0x00103ec4                svc_mapProcessMemory
                0x00103ecc                svc_startInterProcessDma
                0x00103eec                svc_getDmaState
                0x00103f00                svc_backDoor
                0x00103f08                svc_getProcessList
                0x00103f1c                svc_getThreadList
                0x00103f30                svc_getThreadContext
                0x00103f38                svc_debugActiveProcess
                0x00103f4c                svc_readProcessMemory
                0x00103f54                svc_writeProcessMemory
 .text          0x00103f60       0xf0 ./lib\libc.a(lib_a-memcpy-stub.o)
                0x00103f60                memcpy
 .text          0x00104050       0xf4 ./lib\libc.a(lib_a-memset.o)
                0x00104050                memset
 .text          0x00104144       0x70 ./lib\libc.a(lib_a-rand.o)
                0x00104144                srand
                0x00104160                rand
 .text          0x001041b4       0xf0 ./lib\libc.a(lib_a-strcpy.o)
                0x001041b4                strcpy
 .text          0x001042a4       0x60 ./lib\libc.a(lib_a-strlen.o)
                0x001042a4                strlen
 .text          0x00104304        0x0 ./lib\libc.a(lib_a-impure.o)
 .text          0x00104304      0x114 ./lib\libgcc.a(_udivsi3.o)
                0x00104304                __aeabi_uidiv
                0x00104304                __udivsi3
                0x001043f8                __aeabi_uidivmod
 .text          0x00104418      0x148 ./lib\libgcc.a(_divsi3.o)
                0x00104418                __divsi3
                0x00104418                __aeabi_idiv
                0x00104540                __aeabi_idivmod
 .text          0x00104560        0x4 ./lib\libgcc.a(_dvmd_tls.o)
                0x00104560                __aeabi_idiv0
                0x00104560                __aeabi_ldiv0

.glue_7         0x00104564        0x0
 .glue_7        0x00104564        0x0 linker stubs

.glue_7t        0x00104564        0x0
 .glue_7t       0x00104564        0x0 linker stubs

.vfp11_veneer   0x00104564        0x0
 .vfp11_veneer  0x00104564        0x0 linker stubs

.v4_bx          0x00104564        0x0
 .v4_bx         0x00104564        0x0 linker stubs

.plt            0x00104564        0x0
 .plt           0x00104564        0x0 bootloader.o

.iplt           0x00104564        0x0
 .iplt          0x00104564        0x0 bootloader.o
                0x00104564                . = ALIGN (0x4)

.data           0x00104568      0x4c0
 *(.data)
 .data          0x00104568        0x0 bootloader.o
 .data          0x00104568       0x70 gameplg.o
                0x00104568                aloc
                0x00104580                bloc
                0x00104598                cloc
                0x001045b0                dloc
                0x001045c8                PK6_LOCATION_1
                0x001045cc                PK6_LOCATION_2
                0x001045d0                TID
                0x001045d4                SID
 .data          0x001045d8        0x4 helpers.o
                0x001045d8                IoBasePad
 .data          0x001045dc        0x0 itemModifier.o
 .data          0x001045dc        0x0 otherModifiers.o
 .data          0x001045dc        0x0 pokeEncounterModifier.o
 .data          0x001045dc        0x0 lib\AC.o
 .data          0x001045dc        0x0 lib\entry.o
 .data          0x001045dc        0x0 lib\FS.o
 .data          0x001045dc       0x18 lib\main.o
                0x001045dc                sdmcArchive
 .data          0x001045f4        0x0 lib\misc.o
 .data          0x001045f4        0x0 lib\OS.o
 .data          0x001045f4        0x0 lib\pm.o
 .data          0x001045f4        0x0 lib\rt.o
 .data          0x001045f4        0x0 lib\sharedfunc.o
 .data          0x001045f4        0x0 lib\SOC.o
 .data          0x001045f4        0x0 lib\srv.o
 .data          0x001045f4        0x0 lib\stub.o
 .data          0x001045f4        0x0 lib\svc.o
 .data          0x001045f4        0x0 ./lib\libc.a(lib_a-memcpy-stub.o)
 .data          0x001045f4        0x0 ./lib\libc.a(lib_a-memset.o)
 .data          0x001045f4        0x0 ./lib\libc.a(lib_a-rand.o)
 .data          0x001045f4        0x0 ./lib\libc.a(lib_a-strcpy.o)
 .data          0x001045f4        0x0 ./lib\libc.a(lib_a-strlen.o)
 *fill*         0x001045f4        0x4 
 .data          0x001045f8      0x430 ./lib\libc.a(lib_a-impure.o)
                0x001045f8                _impure_ptr
 .data          0x00104a28        0x0 ./lib\libgcc.a(_udivsi3.o)
 .data          0x00104a28        0x0 ./lib\libgcc.a(_divsi3.o)
 .data          0x00104a28        0x0 ./lib\libgcc.a(_dvmd_tls.o)

.dynamic        0x00104a28       0x80
 .dynamic       0x00104a28       0x80 bootloader.o
                0x00104a28                _DYNAMIC

.got            0x00104aa8        0x0
 .got           0x00104aa8        0x0 bootloader.o

.got.plt        0x00104aa8        0xc
 .got.plt       0x00104aa8        0xc bootloader.o
                0x00104aa8                _GLOBAL_OFFSET_TABLE_

.igot.plt       0x00104ab4        0x0
 .igot.plt      0x00104ab4        0x0 bootloader.o
                0x00104ab4                . = ALIGN (0x4)
                0x00104ab4                . = ALIGN (0x4)

.rel.dyn        0x00104ab4      0x4c0
 *(.__rel_dyn_start)
 .__rel_dyn_start
                0x00104ab4        0x0 bootloader.o
 *(.rel*)
 .rel.got       0x00104ab4        0x0 bootloader.o
 .rel.plt       0x00104ab4        0x0 bootloader.o
 .rel.iplt      0x00104ab4        0x0 bootloader.o
 .rel.text      0x00104ab4      0x478 bootloader.o
 .rel.data      0x00104f2c       0x30 bootloader.o
 .rel.text.startup
                0x00104f5c       0x10 bootloader.o
 .rel.rodata    0x00104f6c        0x8 bootloader.o
 *(.rel.*)
 *(.__rel_dyn_end)
 .__rel_dyn_end
                0x00104f74        0x0 bootloader.o
                0x00104f74                __code_end = .

.interp         0x00104f74       0x11
 .interp        0x00104f74       0x11 bootloader.o

.gnu.version_d  0x00104f88        0x0
 .gnu.version_d
                0x00104f88        0x0 bootloader.o

.gnu.version    0x00104f86        0x0
 .gnu.version   0x00104f86        0x0 bootloader.o

.gnu.version_r  0x00104f88        0x0
 .gnu.version_r
                0x00104f88        0x0 bootloader.o

.dynsym         0x00104f88       0x60
 .dynsym        0x00104f88       0x60 bootloader.o

.dynstr         0x00104fe8       0x21
 .dynstr        0x00104fe8       0x21 bootloader.o

.hash           0x0010500c       0x2c
 .hash          0x0010500c       0x2c bootloader.o

.rodata.str1.1  0x00105038      0x276
 .rodata.str1.1
                0x00105038      0x1d4 gameplg.o
 .rodata.str1.1
                0x0010520c        0x5 lib\AC.o
 .rodata.str1.1
                0x00105211        0x5 lib\main.o
                                  0x1 (size before relaxing)
 .rodata.str1.1
                0x00105211       0x1e lib\pm.o
 .rodata.str1.1
                0x0010522f       0x74 lib\rt.o
 .rodata.str1.1
                0x001052a3        0x6 lib\SOC.o
 .rodata.str1.1
                0x001052a9        0x5 lib\srv.o

.rodata         0x001052b0       0x54
 .rodata        0x001052b0       0x4d lib\SOC.o
 *fill*         0x001052fd        0x3 
 .rodata        0x00105300        0x4 ./lib\libc.a(lib_a-impure.o)
                0x00105300                _global_impure_ptr

.rodata.str1.4  0x00105304        0x4
 .rodata.str1.4
                0x00105304        0x4 ./lib\libc.a(lib_a-impure.o)
                0x00105308                . = ALIGN (0x4)

.bss            0x00105308     0x4eb0
 *(.__bss_start)
 .__bss_start   0x00105308        0x0 bootloader.o
                0x00105308                __c_bss_start
 *(.bss COMMON)
 .bss           0x00105308        0x0 bootloader.o
 .bss           0x00105308        0x8 gameplg.o
                0x00105308                g_i
                0x0010530c                isNewNtr
 COMMON         0x00105310     0x4e50 gameplg.o
                0x00105310                g_find
                0x00105338                g_cheatEnabled
                0x00105378                gamePluginMenu
                0x00105ff4                g_replace
                0x0010601c                fsUserHandle
                0x00106020                g_functions
                0x00106120                threadStack
                0x0010a120                g_state
 .bss           0x0010a160        0x0 helpers.o
 .bss           0x0010a160       0x20 itemModifier.o
                0x0010a160                currentEdition
                0x0010a164                ItemDataLength
                0x0010a168                MaxItemID
                0x0010a16c                ItemPointerOffset
                0x0010a170                KeyItemPointerOffset
                0x0010a174                TMHMPointerOffset
                0x0010a178                MedicinePointerOffset
                0x0010a17c                BerryPointerOffset
 .bss           0x0010a180        0xc otherModifiers.o
                0x0010a180                MoneyPointerOffset
                0x0010a184                RepelPointerOffset
                0x0010a188                OPowerPointerOffset
 .bss           0x0010a18c       0x14 pokeEncounterModifier.o
                0x0010a18c                curEdition
                0x0010a190                PointerOffset
                0x0010a194                EncDataLength
                0x0010a198                ByteJump
                0x0010a19c                DexOffset
 .bss           0x0010a1a0        0x0 lib\AC.o
 .bss           0x0010a1a0        0x0 lib\entry.o
 .bss           0x0010a1a0        0x0 lib\FS.o
 .bss           0x0010a1a0        0x0 lib\main.o
 COMMON         0x0010a1a0        0x4 lib\main.o
                0x0010a1a0                IoBaseLcd
 .bss           0x0010a1a4        0x0 lib\misc.o
 .bss           0x0010a1a4        0x0 lib\OS.o
 .bss           0x0010a1a4        0x8 lib\pm.o
                0x0010a1a4                currentPid
                0x0010a1a8                hCurrentProcess
 .bss           0x0010a1ac        0x0 lib\rt.o
 .bss           0x0010a1ac        0x0 lib\sharedfunc.o
 .bss           0x0010a1ac        0x8 lib\SOC.o
                0x0010a1ac                SOCU_handle
 .bss           0x0010a1b4        0x4 lib\srv.o
                0x0010a1b4                srvHandle
 .bss           0x0010a1b8        0x0 lib\stub.o
 .bss           0x0010a1b8        0x0 lib\svc.o
 .bss           0x0010a1b8        0x0 ./lib\libc.a(lib_a-memcpy-stub.o)
 .bss           0x0010a1b8        0x0 ./lib\libc.a(lib_a-memset.o)
 .bss           0x0010a1b8        0x0 ./lib\libc.a(lib_a-rand.o)
 .bss           0x0010a1b8        0x0 ./lib\libc.a(lib_a-strcpy.o)
 .bss           0x0010a1b8        0x0 ./lib\libc.a(lib_a-strlen.o)
 .bss           0x0010a1b8        0x0 ./lib\libc.a(lib_a-impure.o)
 .bss           0x0010a1b8        0x0 ./lib\libgcc.a(_udivsi3.o)
 .bss           0x0010a1b8        0x0 ./lib\libgcc.a(_divsi3.o)
 .bss           0x0010a1b8        0x0 ./lib\libgcc.a(_dvmd_tls.o)
 *(.__bss_end)
 .__bss_end     0x0010a1b8        0x0 bootloader.o
                0x0010a1b8                __c_bss_end
                0x0010a1b8                __end__ = .
LOAD bootloader.o
LOAD gameplg.o
LOAD helpers.o
LOAD itemModifier.o
LOAD otherModifiers.o
LOAD pokeEncounterModifier.o
LOAD lib\AC.o
LOAD lib\entry.o
LOAD lib\FS.o
LOAD lib\main.o
LOAD lib\misc.o
LOAD lib\OS.o
LOAD lib\pm.o
LOAD lib\rt.o
LOAD lib\sharedfunc.o
LOAD lib\SOC.o
LOAD lib\srv.o
LOAD lib\stub.o
LOAD lib\svc.o
LOAD ./lib\libc.a
LOAD ./lib\libgcc.a
OUTPUT(a.out elf32-littlearm)

.dynbss         0x0010a1b8        0x0
 .dynbss        0x0010a1b8        0x0 bootloader.o

.ARM.attributes
                0x00000000       0x27
 .ARM.attributes
                0x00000000       0x19 bootloader.o
 .ARM.attributes
                0x00000019       0x2b gameplg.o
 .ARM.attributes
                0x00000044       0x2b helpers.o
 .ARM.attributes
                0x0000006f       0x2b itemModifier.o
 .ARM.attributes
                0x0000009a       0x2b otherModifiers.o
 .ARM.attributes
                0x000000c5       0x2b pokeEncounterModifier.o
 .ARM.attributes
                0x000000f0       0x2b lib\AC.o
 .ARM.attributes
                0x0000011b       0x2b lib\entry.o
 .ARM.attributes
                0x00000146       0x2b lib\FS.o
 .ARM.attributes
                0x00000171       0x2b lib\main.o
 .ARM.attributes
                0x0000019c       0x19 lib\misc.o
 .ARM.attributes
                0x000001b5       0x2b lib\OS.o
 .ARM.attributes
                0x000001e0       0x2b lib\pm.o
 .ARM.attributes
                0x0000020b       0x2b lib\rt.o
 .ARM.attributes
                0x00000236       0x2b lib\sharedfunc.o
 .ARM.attributes
                0x00000261       0x2b lib\SOC.o
 .ARM.attributes
                0x0000028c       0x2b lib\srv.o
 .ARM.attributes
                0x000002b7       0x19 lib\stub.o
 .ARM.attributes
                0x000002d0       0x19 lib\svc.o
 .ARM.attributes
                0x000002e9       0x30 ./lib\libc.a(lib_a-memcpy-stub.o)
 .ARM.attributes
                0x00000319       0x30 ./lib\libc.a(lib_a-memset.o)
 .ARM.attributes
                0x00000349       0x30 ./lib\libc.a(lib_a-rand.o)
 .ARM.attributes
                0x00000379       0x30 ./lib\libc.a(lib_a-strcpy.o)
 .ARM.attributes
                0x000003a9       0x30 ./lib\libc.a(lib_a-strlen.o)
 .ARM.attributes
                0x000003d9       0x30 ./lib\libc.a(lib_a-impure.o)
 .ARM.attributes
                0x00000409       0x18 ./lib\libgcc.a(_udivsi3.o)
 .ARM.attributes
                0x00000421       0x18 ./lib\libgcc.a(_divsi3.o)
 .ARM.attributes
                0x00000439       0x18 ./lib\libgcc.a(_dvmd_tls.o)

.comment        0x00000000       0x44
 .comment       0x00000000       0x22 gameplg.o
                                 0x23 (size before relaxing)
 .comment       0x00000022       0x23 helpers.o
 .comment       0x00000022       0x23 itemModifier.o
 .comment       0x00000022       0x23 otherModifiers.o
 .comment       0x00000022       0x23 pokeEncounterModifier.o
 .comment       0x00000022       0x22 lib\AC.o
                                 0x23 (size before relaxing)
 .comment       0x00000044       0x23 lib\entry.o
 .comment       0x00000044       0x23 lib\FS.o
 .comment       0x00000044       0x23 lib\main.o
 .comment       0x00000044       0x23 lib\OS.o
 .comment       0x00000044       0x23 lib\pm.o
 .comment       0x00000044       0x23 lib\rt.o
 .comment       0x00000044       0x23 lib\sharedfunc.o
 .comment       0x00000044       0x23 lib\SOC.o
 .comment       0x00000044       0x23 lib\srv.o
 .comment       0x00000044       0x23 ./lib\libc.a(lib_a-memcpy-stub.o)
 .comment       0x00000044       0x23 ./lib\libc.a(lib_a-memset.o)
 .comment       0x00000044       0x23 ./lib\libc.a(lib_a-rand.o)
 .comment       0x00000044       0x23 ./lib\libc.a(lib_a-strcpy.o)
 .comment       0x00000044       0x23 ./lib\libc.a(lib_a-strlen.o)
 .comment       0x00000044       0x23 ./lib\libc.a(lib_a-impure.o)

.debug_info     0x00000000     0x6ac5
 .debug_info    0x00000000     0x1c89 gameplg.o
 .debug_info    0x00001c89      0x185 helpers.o
 .debug_info    0x00001e0e      0xb31 itemModifier.o
 .debug_info    0x0000293f      0x188 otherModifiers.o
 .debug_info    0x00002ac7      0x5f6 pokeEncounterModifier.o
 .debug_info    0x000030bd      0x368 lib\AC.o
 .debug_info    0x00003425      0x11f lib\entry.o
 .debug_info    0x00003544      0x8a9 lib\FS.o
 .debug_info    0x00003ded      0x272 lib\main.o
 .debug_info    0x0000405f       0xc0 lib\OS.o
 .debug_info    0x0000411f      0x335 lib\pm.o
 .debug_info    0x00004454      0xc82 lib\rt.o
 .debug_info    0x000050d6      0x335 lib\sharedfunc.o
 .debug_info    0x0000540b     0x13dc lib\SOC.o
 .debug_info    0x000067e7      0x2de lib\srv.o

.debug_abbrev   0x00000000     0x17b0
 .debug_abbrev  0x00000000      0x49b gameplg.o
 .debug_abbrev  0x0000049b      0x104 helpers.o
 .debug_abbrev  0x0000059f      0x146 itemModifier.o
 .debug_abbrev  0x000006e5       0x87 otherModifiers.o
 .debug_abbrev  0x0000076c      0x202 pokeEncounterModifier.o
 .debug_abbrev  0x0000096e      0x13f lib\AC.o
 .debug_abbrev  0x00000aad       0xcc lib\entry.o
 .debug_abbrev  0x00000b79      0x144 lib\FS.o
 .debug_abbrev  0x00000cbd      0x10f lib\main.o
 .debug_abbrev  0x00000dcc       0x6d lib\OS.o
 .debug_abbrev  0x00000e39      0x15f lib\pm.o
 .debug_abbrev  0x00000f98      0x2aa lib\rt.o
 .debug_abbrev  0x00001242       0xfb lib\sharedfunc.o
 .debug_abbrev  0x0000133d      0x304 lib\SOC.o
 .debug_abbrev  0x00001641      0x16f lib\srv.o

.debug_loc      0x00000000     0x4248
 .debug_loc     0x00000000      0xad7 gameplg.o
 .debug_loc     0x00000ad7       0x55 helpers.o
 .debug_loc     0x00000b2c      0x793 itemModifier.o
 .debug_loc     0x000012bf       0x5b otherModifiers.o
 .debug_loc     0x0000131a      0x6f4 pokeEncounterModifier.o
 .debug_loc     0x00001a0e      0x1cc lib\AC.o
 .debug_loc     0x00001bda       0x34 lib\entry.o
 .debug_loc     0x00001c0e      0x7db lib\FS.o
 .debug_loc     0x000023e9       0x5c lib\OS.o
 .debug_loc     0x00002445       0xfa lib\pm.o
 .debug_loc     0x0000253f      0x6b8 lib\rt.o
 .debug_loc     0x00002bf7     0x152b lib\SOC.o
 .debug_loc     0x00004122      0x126 lib\srv.o

.debug_aranges  0x00000000      0x1e0
 .debug_aranges
                0x00000000       0x20 gameplg.o
 .debug_aranges
                0x00000020       0x20 helpers.o
 .debug_aranges
                0x00000040       0x20 itemModifier.o
 .debug_aranges
                0x00000060       0x20 otherModifiers.o
 .debug_aranges
                0x00000080       0x20 pokeEncounterModifier.o
 .debug_aranges
                0x000000a0       0x20 lib\AC.o
 .debug_aranges
                0x000000c0       0x20 lib\entry.o
 .debug_aranges
                0x000000e0       0x20 lib\FS.o
 .debug_aranges
                0x00000100       0x20 lib\main.o
 .debug_aranges
                0x00000120       0x20 lib\OS.o
 .debug_aranges
                0x00000140       0x20 lib\pm.o
 .debug_aranges
                0x00000160       0x20 lib\rt.o
 .debug_aranges
                0x00000180       0x20 lib\sharedfunc.o
 .debug_aranges
                0x000001a0       0x20 lib\SOC.o
 .debug_aranges
                0x000001c0       0x20 lib\srv.o

.debug_ranges   0x00000000      0x130
 .debug_ranges  0x00000000       0x98 gameplg.o
 .debug_ranges  0x00000098       0x20 itemModifier.o
 .debug_ranges  0x000000b8       0x18 pokeEncounterModifier.o
 .debug_ranges  0x000000d0       0x10 lib\main.o
 .debug_ranges  0x000000e0       0x50 lib\rt.o

.debug_line     0x00000000     0x1a67
 .debug_line    0x00000000      0x452 gameplg.o
 .debug_line    0x00000452       0xec helpers.o
 .debug_line    0x0000053e      0x18c itemModifier.o
 .debug_line    0x000006ca       0xd7 otherModifiers.o
 .debug_line    0x000007a1      0x1df pokeEncounterModifier.o
 .debug_line    0x00000980      0x12e lib\AC.o
 .debug_line    0x00000aae       0xe1 lib\entry.o
 .debug_line    0x00000b8f      0x1d0 lib\FS.o
 .debug_line    0x00000d5f      0x116 lib\main.o
 .debug_line    0x00000e75       0xed lib\OS.o
 .debug_line    0x00000f62      0x120 lib\pm.o
 .debug_line    0x00001082      0x27f lib\rt.o
 .debug_line    0x00001301      0x102 lib\sharedfunc.o
 .debug_line    0x00001403      0x4ed lib\SOC.o
 .debug_line    0x000018f0      0x177 lib\srv.o

.debug_str      0x00000000     0x17ed
 .debug_str     0x00000000      0xabe gameplg.o
                                0xb9e (size before relaxing)
 .debug_str     0x00000abe       0x59 helpers.o
                                0x190 (size before relaxing)
 .debug_str     0x00000b17      0x219 itemModifier.o
                                0x36a (size before relaxing)
 .debug_str     0x00000d30       0x93 otherModifiers.o
                                0x1d2 (size before relaxing)
 .debug_str     0x00000dc3      0x161 pokeEncounterModifier.o
                                0x2b6 (size before relaxing)
 .debug_str     0x00000f24      0x101 lib\AC.o
                                0x1e9 (size before relaxing)
 .debug_str     0x00001025       0x3c lib\entry.o
                                0x14a (size before relaxing)
 .debug_str     0x00001061      0x163 lib\FS.o
                                0x367 (size before relaxing)
 .debug_str     0x000011c4       0x94 lib\main.o
                                0x25f (size before relaxing)
 .debug_str     0x00001258       0x33 lib\OS.o
                                0x123 (size before relaxing)
 .debug_str     0x0000128b       0xb0 lib\pm.o
                                0x229 (size before relaxing)
 .debug_str     0x0000133b      0x1f8 lib\rt.o
                                0x4f0 (size before relaxing)
 .debug_str     0x00001533       0x1e lib\sharedfunc.o
                                0x22f (size before relaxing)
 .debug_str     0x00001551      0x249 lib\SOC.o
                                0x420 (size before relaxing)
 .debug_str     0x0000179a       0x53 lib\srv.o
                                0x1e1 (size before relaxing)

.debug_frame    0x00000000      0xfb0
 .debug_frame   0x00000000      0x3f4 gameplg.o
 .debug_frame   0x000003f4       0x60 helpers.o
 .debug_frame   0x00000454      0x164 itemModifier.o
 .debug_frame   0x000005b8       0x50 otherModifiers.o
 .debug_frame   0x00000608       0xac pokeEncounterModifier.o
 .debug_frame   0x000006b4       0x8c lib\AC.o
 .debug_frame   0x00000740       0x30 lib\entry.o
 .debug_frame   0x00000770      0x1ac lib\FS.o
 .debug_frame   0x0000091c       0x28 lib\main.o
 .debug_frame   0x00000944       0x20 lib\OS.o
 .debug_frame   0x00000964       0x90 lib\pm.o
 .debug_frame   0x000009f4      0x1a8 lib\rt.o
 .debug_frame   0x00000b9c       0x2c lib\sharedfunc.o
 .debug_frame   0x00000bc8      0x370 lib\SOC.o
 .debug_frame   0x00000f38       0x78 lib\srv.o
